G__10276$jscomp$inline_1647:br
G__10277$jscomp$inline_1648:cr
G__10278$jscomp$inline_1649:dr
G__9522$jscomp$inline_1185:Aq
G__9523$jscomp$inline_1186:Bq
JSCompiler_StaticMethods_assoc_BANG_:sh
JSCompiler_StaticMethods_cljs$core$ITransientVector$_assoc_n_BANG_$arity$3:rg
JSCompiler_StaticMethods_div:ya
JSCompiler_StaticMethods_equals:Aa
JSCompiler_StaticMethods_forceChunk:Kh
JSCompiler_StaticMethods_isZero:za
JSCompiler_StaticMethods_markAsRemoved:No
JSCompiler_StaticMethods_negate:ua
JSCompiler_StaticMethods_re_frame$router$IEventQueue$_call_post_event_callbacks$arity$2:Kp
JSCompiler_StaticMethods_re_frame$router$IEventQueue$_fsm_trigger$arity$3:Gp
JSCompiler_StaticMethods_re_frame$router$IEventQueue$_pause$arity$2:Jp
JSCompiler_StaticMethods_re_frame$router$IEventQueue$_process_1st_event_in_queue$arity$1:Hp
JSCompiler_StaticMethods_re_frame$router$IEventQueue$_run_next_tick$arity$1:Ip
JSCompiler_StaticMethods_re_frame$router$IEventQueue$_run_queue$arity$1:Fp
JSCompiler_StaticMethods_removeByKey:Qo
JSCompiler_StaticMethods_sval:Be
JSCompiler_StaticMethods_toNumber:xa
JSCompiler_prototypeAlias:g
JSCompiler_temp$jscomp$295:rq
JSCompiler_temp$jscomp$296:sq
L 0:a
L 1:b
L 10:n
L 11:p
L 12:u
L 13:w
L 14:z
L 15:D
L 16:I
L 17:S
L 18:T
L 19:ba
L 2:c
L 20:ha
L 21:ta
L 22:Kb
L 23:ad
L 24:Df
L 25:Sq
L 26:sj
L 27:Yg
L 28:Cd
L 29:Me
L 3:d
L 30:Zg
L 31:jc
L 32:uj
L 33:bd
L 34:$g
L 35:Ne
L 36:ah
L 37:mn
L 38:Zd
L 39:tj
L 4:e
L 40:Ef
L 41:Tq
L 5:f
L 6:h
L 7:k
L 8:l
L 9:m
ajax$interceptors$ResponseFormat:oq
ajax$interceptors$map__GT_ResponseFormat:pq
ajax$json$json_response_format:qq
ajax$protocols$_body:cq
c__5525__auto___10275$jscomp$inline_1646:ar
chunk__9980_10261$jscomp$inline_1639:Uq
cljs$core$ArrayChunk:De
cljs$core$ArrayNode:ch
cljs$core$ArrayNodeIterator:gh
cljs$core$ArrayNodeSeq:nh
cljs$core$Atom:of
cljs$core$BitmapIndexedNode:Vg
cljs$core$BitmapIndexedNode$EMPTY:bh
cljs$core$Box:Pg
cljs$core$ChunkBuffer:Ce
cljs$core$ChunkedCons:Fe
cljs$core$ChunkedSeq:kg
cljs$core$Cons:ue
cljs$core$ES6EntriesIterator:Ag
cljs$core$ES6Iterator:Vc
cljs$core$ES6IteratorSeq:Xc
cljs$core$ES6SetEntriesIterator:Bg
cljs$core$EmptyList:se
cljs$core$ExceptionInfo:ri
cljs$core$Fn:hb
cljs$core$HashCollisionNode:kh
cljs$core$HashMapIter:ph
cljs$core$HashSetIter:zh
cljs$core$IAssociative:yb
cljs$core$ICollection:nb
cljs$core$IComparable:pc
cljs$core$ICounted:jb
cljs$core$IDeref:Nb
cljs$core$IEmptyableCollection:lb
cljs$core$IEncodeClojure:li
cljs$core$IEncodeJS:gi
cljs$core$IFn:ib
cljs$core$IIndexed:pb
cljs$core$IIndexed$_nth$dyn_7805:rb
cljs$core$IIterable:xc
cljs$core$IKVReduce:Ub
cljs$core$IList:ac
cljs$core$ILookup:vb
cljs$core$ILookup$_lookup$dyn_7812:xb
cljs$core$IMap:Cb
cljs$core$IMeta:Ob
cljs$core$INIT:bf
cljs$core$INext:ub
cljs$core$IPrintWithWriter:fc
cljs$core$IRecord:bc
cljs$core$IReduce:Rb
cljs$core$IReduce$_reduce$dyn_7833:Tb
cljs$core$IReversible:cc
cljs$core$ISeq:sb
cljs$core$ISeqable:Yb
cljs$core$ISequential:$b
cljs$core$ISet:Gb
cljs$core$ISwap$_swap_BANG_$dyn_7938:wc
cljs$core$ITER_SYMBOL:cb
cljs$core$IVector:Lb
cljs$core$IndexedSeq:H
cljs$core$IndexedSeqIterator:qd
cljs$core$IntegerRange:Ih
cljs$core$IntegerRangeChunk:Gh
cljs$core$KeySeq:uh
cljs$core$Keyword:F
cljs$core$LazySeq:Ae
cljs$core$List:Ad
cljs$core$List$EMPTY:K
cljs$core$MapEntry:Zf
cljs$core$MetaFn:Hd
cljs$core$NeverEquiv:wg
cljs$core$NodeIterator:Ug
cljs$core$NodeSeq:lh
cljs$core$PROTOCOL_SENTINEL:r
cljs$core$PersistentArrayMap:t
cljs$core$PersistentArrayMap$EMPTY:Ze
cljs$core$PersistentArrayMap$HASHMAP_THRESHOLD:Ig
cljs$core$PersistentArrayMap$createAsIfByAssoc:Ed
cljs$core$PersistentArrayMap$createAsIfByAssocComplexPath:Ng
cljs$core$PersistentArrayMapIterator:Eg
cljs$core$PersistentArrayMapSeq:Dg
cljs$core$PersistentHashMap:qh
cljs$core$PersistentHashMap$EMPTY:Jg
cljs$core$PersistentHashSet:Ah
cljs$core$PersistentHashSet$EMPTY:Ch
cljs$core$PersistentQueue:ug
cljs$core$PersistentQueue$EMPTY:vg
cljs$core$PersistentQueueIter:sg
cljs$core$PersistentQueueSeq:tg
cljs$core$PersistentVector:Y
cljs$core$PersistentVector$EMPTY:zd
cljs$core$PersistentVector$EMPTY_NODE:Z
cljs$core$PersistentVector$fromArray:eg
cljs$core$RSeq:rd
cljs$core$Range:Jh
cljs$core$RangeIterator:Hh
cljs$core$RangedIterator:Vf
cljs$core$RecordIter:zg
cljs$core$Reduced:ed
cljs$core$Repeat:wf
cljs$core$START:cf
cljs$core$SeqIter:df
cljs$core$StringBufferWriter:Ac
cljs$core$Subvec:mg
cljs$core$Symbol:Oc
cljs$core$TransientArrayMap:Hg
cljs$core$TransientHashMap:rh
cljs$core$TransientHashSet:Bh
cljs$core$TransientVector:$f
cljs$core$ValSeq:vh
cljs$core$VectorNode:Kf
cljs$core$_EQ_:N
cljs$core$_GT_:oe
cljs$core$_STAR_print_fn_STAR_:Oa
cljs$core$_STAR_print_level_STAR_:Qa
cljs$core$_STAR_print_newline_STAR_:Pa
cljs$core$__destructure_map:Ye
cljs$core$_add_watch:hc
cljs$core$_as_transient:lc
cljs$core$_assoc:Ab
cljs$core$_assoc_BANG_:oc
cljs$core$_assoc_n:Mb
cljs$core$_chunked_first:sc
cljs$core$_chunked_rest:tc
cljs$core$_clj__GT_js:hi
cljs$core$_compare:qc
cljs$core$_conj:ob
cljs$core$_conj_BANG_:mc
cljs$core$_contains_key_QMARK_:zb
cljs$core$_count:kb
cljs$core$_deref:C
cljs$core$_disjoin:Hb
cljs$core$_dissoc:Db
cljs$core$_drop:zc
cljs$core$_drop_first:rc
cljs$core$_empty:mb
cljs$core$_equiv:Wb
cljs$core$_find:Bb
cljs$core$_first:B
cljs$core$_hash:Xb
cljs$core$_indexOf$cljs$0core$0IFn$0_invoke$0arity$03:O
cljs$core$_iterator:yc
cljs$core$_js__GT_clj:mi
cljs$core$_key:Eb
cljs$core$_kv_reduce:Vb
cljs$core$_lastIndexOf$cljs$0core$0IFn$0_invoke$0arity$03:Q
cljs$core$_lookup:wb
cljs$core$_meta:Pb
cljs$core$_nth:qb
cljs$core$_peek:Ib
cljs$core$_persistent_BANG_:nc
cljs$core$_pop:Jb
cljs$core$_pr_writer:gc
cljs$core$_reduce:Sb
cljs$core$_remove_watch:kc
cljs$core$_reset_BANG_:uc
cljs$core$_rest:tb
cljs$core$_rseq:dc
cljs$core$_seq:Zb
cljs$core$_swap_BANG_:vc
cljs$core$_val:Fb
cljs$core$_with_meta:Qb
cljs$core$_write:ec
cljs$core$aclone:db
cljs$core$apply:Id
cljs$core$apply$cljs$0core$0IFn$0_invoke$0arity$02:Te
cljs$core$apply$cljs$0core$0IFn$0_invoke$0arity$03:Ue
cljs$core$apply$cljs$0core$0IFn$0_invoke$0arity$04:Ve
cljs$core$apply$cljs$0core$0IFn$0_invoke$0arity$05:We
cljs$core$apply$cljs$0core$0IFn$0_invoke$0arity$0variadic:Xe
cljs$core$apply_to:Le
cljs$core$apply_to_simple$cljs$0core$0IFn$0_invoke$0arity$03:Pe
cljs$core$apply_to_simple$cljs$0core$0IFn$0_invoke$0arity$04:Qe
cljs$core$apply_to_simple$cljs$0core$0IFn$0_invoke$0arity$05:Re
cljs$core$apply_to_simple$cljs$0core$0IFn$0_invoke$0arity$06:Se
cljs$core$array_QMARK_:Za
cljs$core$array__GT_transient_hash_map:Og
cljs$core$array_copy:Vd
cljs$core$array_for:Sf
cljs$core$array_index_of:Cg
cljs$core$array_map:th
cljs$core$array_reduce$cljs$0core$0IFn$0_invoke$0arity$02:jd
cljs$core$array_reduce$cljs$0core$0IFn$0_invoke$0arity$03:kd
cljs$core$array_reduce$cljs$0core$0IFn$0_invoke$0arity$04:ld
cljs$core$assoc:W
cljs$core$assoc_in:Hf
cljs$core$atom$cljs$0core$0IFn$0_invoke$0arity$01:pf
cljs$core$bit_count:re
cljs$core$boolean$0:Yd
cljs$core$bounded_count:Ie
cljs$core$build_subvec:ng
cljs$core$butlast:Eh
cljs$core$char_escapes:Rh
cljs$core$chunk_append:He
cljs$core$chunk_buffer:Ee
cljs$core$chunk_cons:Ge
cljs$core$chunked_seq:dg
cljs$core$chunked_seq$cljs$0core$0IFn$0_invoke$0arity$04:cg
cljs$core$chunked_seq$cljs$0core$0IFn$0_invoke$0arity$05:lg
cljs$core$chunked_seq_QMARK_:Ud
cljs$core$ci_reduce$cljs$0core$0IFn$0_invoke$0arity$02:hd
cljs$core$ci_reduce$cljs$0core$0IFn$0_invoke$0arity$03:id
cljs$core$clj__GT_js:ji
cljs$core$clone_and_set$cljs$0core$0IFn$0_invoke$0arity$03:Qg
cljs$core$coll_QMARK_:Od
cljs$core$comp:hf
cljs$core$compare:ce
cljs$core$compare_indexed$cljs$0core$0IFn$0_invoke$0arity$02:de
cljs$core$compare_keywords:ve
cljs$core$compare_symbols:Nc
cljs$core$complement:gf
cljs$core$concat:Ke
cljs$core$conj:yd
cljs$core$cons:R
cljs$core$contains_QMARK_:be
cljs$core$count:P
cljs$core$counted_QMARK_:md
cljs$core$create_array_node_seq:ih
cljs$core$create_array_node_seq$cljs$0core$0IFn$0_invoke$0arity$01:hh
cljs$core$create_array_node_seq$cljs$0core$0IFn$0_invoke$0arity$03:oh
cljs$core$create_inode_seq:Xg
cljs$core$create_inode_seq$cljs$0core$0IFn$0_invoke$0arity$01:Wg
cljs$core$create_inode_seq$cljs$0core$0IFn$0_invoke$0arity$03:mh
cljs$core$create_node:eh
cljs$core$create_node$cljs$0core$0IFn$0_invoke$0arity$06:fh
cljs$core$create_node$cljs$0core$0IFn$0_invoke$0arity$07:dh
cljs$core$deref:gd
cljs$core$disj:Md
cljs$core$dissoc:Fd
cljs$core$do_assoc:Tf
cljs$core$doall$cljs$0core$0IFn$0_invoke$0arity$01:Lh
cljs$core$drop$cljs$0core$0IFn$0_invoke$0arity$02:tf
cljs$core$drop_last$cljs$0core$0IFn$0_invoke$0arity$02:uf
cljs$core$edit_and_set$cljs$0core$0IFn$0_invoke$0arity$04:Sg
cljs$core$empty:Bd
cljs$core$empty_QMARK_:Nd
cljs$core$empty_ordered_hash:Zc
cljs$core$empty_unordered_hash:cd
cljs$core$enable_console_print_BANG_:Xa
cljs$core$equiv_map:yg
cljs$core$equiv_sequential:sd
cljs$core$es6_iterator:Wc
cljs$core$es6_iterator_seq:Tc
cljs$core$every_QMARK_:ef
cljs$core$ex_info$cljs$0core$0IFn$0_invoke$0arity$02:si
cljs$core$filter$cljs$0core$0IFn$0_invoke$0arity$02:yf
cljs$core$first:J
cljs$core$flatten:Bf
cljs$core$fn_QMARK_:Gd
cljs$core$fn__GT_comparator:ee
cljs$core$fnil$cljs$0core$0IFn$0_invoke$0arity$02:kf
cljs$core$gensym$cljs$0core$0IFn$0_invoke$0arity$01:fi
cljs$core$gensym_counter:ei
cljs$core$get:Pc
cljs$core$get$cljs$0core$0IFn$0_invoke$0arity$02:E
cljs$core$get$cljs$0core$0IFn$0_invoke$0arity$03:Qc
cljs$core$get_in$cljs$0core$0IFn$0_invoke$0arity$02:Gf
cljs$core$group_by:pi
cljs$core$hash:Kc
cljs$core$hash_collision_node_find_index:jh
cljs$core$hash_combine:Lc
cljs$core$hash_ordered_coll:Yc
cljs$core$hash_string:Jc
cljs$core$hash_unordered_coll:$c
cljs$core$identity:me
cljs$core$ifn_QMARK_:$d
cljs$core$imul:Cc
cljs$core$inc:dd
cljs$core$indexed_QMARK_:nd
cljs$core$inode_kv_reduce:Tg
cljs$core$instance_QMARK_:Mc
cljs$core$integer_QMARK_:ae
cljs$core$into:lf
cljs$core$into_array$cljs$0core$0IFn$0_invoke$0arity$02:eb
cljs$core$iter_reduce$cljs$0core$0IFn$0_invoke$0arity$02:ie
cljs$core$iter_reduce$cljs$0core$0IFn$0_invoke$0arity$03:je
cljs$core$iterable_QMARK_:Sc
cljs$core$js__GT_clj$cljs$0core$0IFn$0_invoke$0arity$0variadic:ni
cljs$core$keep$cljs$0core$0IFn$0_invoke$0arity$02:nf
cljs$core$key:hg
cljs$core$key__GT_js$cljs$0core$0IFn$0_invoke$0arity$02:ii
cljs$core$key_test:Kg
cljs$core$keys:Fg
cljs$core$keyword:ye
cljs$core$keyword_identical_QMARK_:we
cljs$core$last:xd
cljs$core$lift_ns:bi
cljs$core$linear_traversal_nth$cljs$0core$0IFn$0_invoke$0arity$03:Dd
cljs$core$lookup_sentinel:Wd
cljs$core$m3_fmix:Fc
cljs$core$m3_hash_unencoded_chars:Gc
cljs$core$m3_mix_H1:Ec
cljs$core$m3_mix_K1:Dc
cljs$core$map:X
cljs$core$map_QMARK_:Rd
cljs$core$map_entry_QMARK_:gg
cljs$core$mapv$cljs$0core$0IFn$0_invoke$0arity$02:Cf
cljs$core$max:pe
cljs$core$max_key:Fh
cljs$core$merge:wh
cljs$core$meta:Kd
cljs$core$missing_protocol:y
cljs$core$name:ze
cljs$core$namespace:xe
cljs$core$native_satisfies_QMARK_:x
cljs$core$never_equiv:xg
cljs$core$new_path:Of
cljs$core$next:M
cljs$core$next_STAR_:Oe
cljs$core$nil_QMARK_:Ya
cljs$core$not:$a
cljs$core$not_empty:$e
cljs$core$nth:pd
cljs$core$nth$cljs$0core$0IFn$0_invoke$0arity$02:od
cljs$core$nth$cljs$0core$0IFn$0_invoke$0arity$03:V
cljs$core$pam_grow_seed_array:Mg
cljs$core$pam_new_size:Lg
cljs$core$partial:jf
cljs$core$partition$cljs$0core$0IFn$0_invoke$0arity$03:Ff
cljs$core$peek:Ld
cljs$core$pop_tail:Uf
cljs$core$pr_opts:Ra
cljs$core$pr_sequential_writer:Nh
cljs$core$pr_str_STAR_:Bc
cljs$core$pr_str_with_opts:Zh
cljs$core$pr_writer:Vh
cljs$core$pr_writer_impl:Uh
cljs$core$prim_seq$cljs$0core$0IFn$0_invoke$0arity$02:U
cljs$core$print_map:Wh
cljs$core$print_meta_QMARK_:Th
cljs$core$print_prefix_map:ci
cljs$core$println$cljs$0core$0IFn$0_invoke$0arity$0variadic:$h
cljs$core$push_tail:Pf
cljs$core$pv_clone_node:Mf
cljs$core$pv_fresh_node:Lf
cljs$core$pv_reduce$cljs$0core$0IFn$0_invoke$0arity$04:Xf
cljs$core$pv_reduce$cljs$0core$0IFn$0_invoke$0arity$05:Yf
cljs$core$quot:qe
cljs$core$quote_string:Sh
cljs$core$ranged_iterator:Wf
cljs$core$re_matches:Mh
cljs$core$record_QMARK_:Sd
cljs$core$reduce:gb
cljs$core$reduce$cljs$0core$0IFn$0_invoke$0arity$02:ke
cljs$core$reduce$cljs$0core$0IFn$0_invoke$0arity$03:fb
cljs$core$reduce_kv:le
cljs$core$reduced_QMARK_:fd
cljs$core$remove$cljs$0core$0IFn$0_invoke$0arity$02:zf
cljs$core$remove_pair:Rg
cljs$core$repeat$cljs$0core$0IFn$0_invoke$0arity$02:xf
cljs$core$reset_BANG_:qf
cljs$core$rest:Uc
cljs$core$reverse:te
cljs$core$second:wd
cljs$core$select_keys:xh
cljs$core$seq:G
cljs$core$seq_QMARK_:Xd
cljs$core$seq_reduce:ud
cljs$core$seq_reduce$cljs$0core$0IFn$0_invoke$0arity$02:td
cljs$core$seq_reduce$cljs$0core$0IFn$0_invoke$0arity$03:vd
cljs$core$sequential_QMARK_:Qd
cljs$core$set:Dh
cljs$core$set_QMARK_:Pd
cljs$core$some:ff
cljs$core$sort$cljs$0core$0IFn$0_invoke$0arity$02:fe
cljs$core$sort_by$cljs$0core$0IFn$0_invoke$0arity$03:he
cljs$core$spread:Je
cljs$core$str:A
cljs$core$string_hash_cache:Hc
cljs$core$string_hash_cache_count:Ic
cljs$core$string_print:Qh
cljs$core$strip_ns:ai
cljs$core$subvec:og
cljs$core$swap_BANG_:rf
cljs$core$symbol:Rc
cljs$core$t_cljs$0core6554:af
cljs$core$tail_off:Nf
cljs$core$take$cljs$0core$0IFn$0_invoke$0arity$02:sf
cljs$core$take_last:vf
cljs$core$to_array:ge
cljs$core$transduce$cljs$0core$0IFn$0_invoke$0arity$04:ne
cljs$core$tree_seq:Af
cljs$core$truth_:v
cljs$core$tv_editable_root:ag
cljs$core$tv_editable_tail:bg
cljs$core$tv_ensure_editable:pg
cljs$core$tv_push_tail:qg
cljs$core$type:ab
cljs$core$type__GT_str:bb
cljs$core$unchecked_array_for:Rf
cljs$core$update:Jf
cljs$core$update_in:If
cljs$core$val:ig
cljs$core$vals:Gg
cljs$core$vec:fg
cljs$core$vector:jg
cljs$core$vector_QMARK_:Td
cljs$core$vector_index_out_of_bounds:Qf
cljs$core$with_meta:Jd
cljs$core$write_all$cljs$0core$0IFn$0_invoke$0arity$0variadic:Ph
cljs$cst$0$flush_on_newline:Sa
cljs$cst$1$readably:Ta
cljs$cst$105$more_marker:Oh
cljs$cst$106$alt_impl:Xh
cljs$cst$107$fallback_impl:Yh
cljs$cst$108$val:di
cljs$cst$126$keyword_fn:ki
cljs$cst$127$keywordize_keys:oi
cljs$cst$139$type:jm
cljs$cst$177$warn:Sk
cljs$cst$178$error:Gj
cljs$cst$179$name:Pk
cljs$cst$182$class:cj
cljs$cst$184$key:im
cljs$cst$186$on_dispose:ol
cljs$cst$187$f:Hk
cljs$cst$189$auto_run:Ki
cljs$cst$190$path:vj
cljs$cst$193$on_set:rk
cljs$cst$194$no_cache:Di
cljs$cst$2$meta:Ua
cljs$cst$202$shouldComponentUpdate:Wi
cljs$cst$203$componentWillUnmount:Ak
cljs$cst$204$reagentRender:fj
cljs$cst$205$render:qj
cljs$cst$206$displayName:pl
cljs$cst$207$cljsLegacyRender:Rj
cljs$cst$208$childContextTypes:Yi
cljs$cst$209$contextTypes:il
cljs$cst$210$contextType:mk
cljs$cst$211$getDerivedStateFromProps:Pi
cljs$cst$212$getDerivedStateFromError:Dl
cljs$cst$213$getInitialState:Lk
cljs$cst$214$constructor:Ci
cljs$cst$215$reagent_render:$k
cljs$cst$216$on_write:vk
cljs$cst$217$display_name:Sl
cljs$cst$218$component_did_update:Uk
cljs$cst$219$component_will_unmount:bj
cljs$cst$222$id:kk
cljs$cst$223$className:Bk
cljs$cst$229$function_components:Tj
cljs$cst$230$parse_tag:Qi
cljs$cst$231$compiler:Jl
cljs$cst$232$callback:Il
cljs$cst$233$log:ul
cljs$cst$234$debug:hk
cljs$cst$235$group:Kj
cljs$cst$236$groupEnd:Hi
cljs$cst$237$loaded_QMARK_:tk
cljs$cst$238$global_interceptors:lm
cljs$cst$239$sub:om
cljs$cst$240$event:Yj
cljs$cst$241$cofx:ml
cljs$cst$242$fx:ti
cljs$cst$247$start:vl
cljs$cst$248$after:Cj
cljs$cst$249$before:Tl
cljs$cst$250$unnamed:km
cljs$cst$251$effects:Wl
cljs$cst$252$coeffects:ik
cljs$cst$253$queue:Lj
cljs$cst$254$stack:ej
cljs$cst$255$original_event:mj
cljs$cst$256$db:hj
cljs$cst$261$end:Mj
cljs$cst$269$_LT__:am
cljs$cst$271$value:ck
cljs$cst$272$flush_dom:Hl
cljs$cst$273$yield:Ol
cljs$cst$274$finish_run:xk
cljs$cst$275$pause:Ii
cljs$cst$276$add_event:Yl
cljs$cst$277$run_queue:ll
cljs$cst$279$idle:Ei
cljs$cst$280$scheduled:ek
cljs$cst$281$running:Qk
cljs$cst$282$exception:Zl
cljs$cst$283$paused:gj
cljs$cst$284$resume:Ml
cljs$cst$285$fsm_state:em
cljs$cst$286$trigger:xl
cljs$cst$292$do_fx:nj
cljs$cst$294$ms:Nj
cljs$cst$295$dispatch:Fi
cljs$cst$296$dispatch_later:ak
cljs$cst$297$dispatch_n:zj
cljs$cst$298$deregister_event_handler:zi
cljs$cst$299$atom:jk
cljs$cst$3$dup:Va
cljs$cst$300$sequential:Pj
cljs$cst$301$map:oj
cljs$cst$302$set:ok
cljs$cst$303$re_frame_DOT_std_interceptors_SLASH_not_found:lk
cljs$cst$304$unwrap:ij
cljs$cst$305$trim_v:ui
cljs$cst$306$db_handler:cl
cljs$cst$308$fx_handler:Xj
cljs$cst$313$inject_global_interceptors:nk
cljs$cst$315$status_text:Ll
cljs$cst$326$content_type:mm
cljs$cst$346$description:Bi
cljs$cst$351$read:Ok
cljs$cst$358$uri:rj
cljs$cst$359$method:vi
cljs$cst$363$response_format:Mk
cljs$cst$365$prefix:wi
cljs$cst$366$keywords_QMARK_:dm
cljs$cst$367$raw:uk
cljs$cst$384$calendars:yi
cljs$cst$385$selected_calendar_id:xj
cljs$cst$386$filters:Zi
cljs$cst$387$loading_QMARK_:Ej
cljs$cst$388$events:Cl
cljs$cst$389$view_mode:Dk
cljs$cst$390$statistics:pj
cljs$cst$391$date_to:Si
cljs$cst$392$date_from:pm
cljs$cst$393$search_text:gk
cljs$cst$394$selected_event_types:nm
cljs$cst$395$total_events:wk
cljs$cst$396$event_types:Pl
cljs$cst$397$years_covered:wl
cljs$cst$398$initialize_db:nl
cljs$cst$399$set_loading:bl
cljs$cst$4$print_length:Wa
cljs$cst$400$set_error:Uj
cljs$cst$401$set_calendars:dl
cljs$cst$402$select_calendar:Xl
cljs$cst$403$load_calendar_events:kj
cljs$cst$404$http_xhrio:xi
cljs$cst$405$get:kl
cljs$cst$406$on_success:sk
cljs$cst$407$events_loaded:Ek
cljs$cst$408$on_failure:Fj
cljs$cst$409$api_error:lj
cljs$cst$410$summary:qi
cljs$cst$411$toggle_event_type:Oi
cljs$cst$412$set_search_text:Ql
cljs$cst$413$set_date_range:gl
cljs$cst$414$clear_filters:Kl
cljs$cst$415$set_view_mode:Ni
cljs$cst$416$date_range:Xi
cljs$cst$417$grouped_events:Ji
cljs$cst$418$filtered_events:Hj
cljs$cst$419$div_DOT_event_stats:dj
cljs$cst$420$h4:aj
cljs$cst$421$div_DOT_stats_grid:Li
cljs$cst$422$div_DOT_stat_card:Jk
cljs$cst$423$div_DOT_stat_number:Mi
cljs$cst$424$div_DOT_stat_label:ql
cljs$cst$425$div_DOT_search_filter_controls:Ti
cljs$cst$426$div_DOT_search_controls:Nk
cljs$cst$427$div_DOT_search_input_group:yl
cljs$cst$428$input:cm
cljs$cst$429$placeholder:El
cljs$cst$430$on_change:Bj
cljs$cst$431$button_DOT_btn_DOT_btn_outline:Ri
cljs$cst$432$on_click:Oj
cljs$cst$433$div_DOT_date_filters:Sj
cljs$cst$434$div_DOT_date_input_group:Fk
cljs$cst$435$label:Tk
cljs$cst$436$div_DOT_quick_filters:fm
cljs$cst$437$div_DOT_event_type_selector:jj
cljs$cst$438$div_DOT_type_grid:Gl
cljs$cst$439$div_DOT_type_card:yj
cljs$cst$440$label_DOT_type_label:Dj
cljs$cst$441$checked:bm
cljs$cst$442$div_DOT_type_info:Wk
cljs$cst$443$strong_DOT_type_name:Vj
cljs$cst$444$span_DOT_type_count:Wj
cljs$cst$445$div_DOT_type_preview:Yk
cljs$cst$446$small_DOT_sample_date:gm
cljs$cst$447$uid:fk
cljs$cst$448$div_DOT_view_modes:tl
cljs$cst$449$div_DOT_view_mode_buttons:pk
cljs$cst$450$button_DOT_btn:Jj
cljs$cst$451$table_DOT_events_table:el
cljs$cst$452$thead:sl
cljs$cst$453$tr:al
cljs$cst$454$th:Zk
cljs$cst$455$tbody:yk
cljs$cst$456$td:Xk
cljs$cst$457$strong:Rl
cljs$cst$458$div_DOT_event_cards:Ai
cljs$cst$459$div_DOT_event_card:Gk
cljs$cst$460$h5:$i
cljs$cst$461$div_DOT_event_count:Ik
cljs$cst$462$div_DOT_event_samples:Ck
cljs$cst$463$div_DOT_sample_event:Vk
cljs$cst$464$span_DOT_event_date:fl
cljs$cst$465$location:Bl
cljs$cst$466$span_DOT_event_location:Gi
cljs$cst$467$div_DOT_event_compact:Zj
cljs$cst$468$div_DOT_compact_row:Ui
cljs$cst$469$span_DOT_event_name:bk
cljs$cst$47$validator:Fl
cljs$cst$470$span_DOT_event_count:Kk
cljs$cst$471$div_DOT_event_view:jl
cljs$cst$472$div_DOT_loading_spinner:hm
cljs$cst$473$div_DOT_spinner:Ij
cljs$cst$474$p:zk
cljs$cst$475$div_DOT_error_message:Aj
cljs$cst$476$button_DOT_btn_DOT_btn_primary:Al
cljs$cst$477$div_DOT_action_panel:qk
cljs$cst$478$div_DOT_action_cards:hl
cljs$cst$479$div_DOT_action_card:Ul
cljs$cst$480$div_DOT_action_icon:wj
cljs$cst$481$div_DOT_action_content:zl
cljs$cst$482$div_DOT_input_group:Qj
cljs$cst$483$input_DOT_filter_name_input:dk
cljs$cst$484$disabled:rl
cljs$cst$485$button_DOT_btn_DOT_btn_success:Rk
cljs$cst$486$div_DOT_app:Nl
cljs$cst$487$header_DOT_app_header:$l
cljs$cst$488$h1:Vi
cljs$cst$489$div_DOT_app_content:Vl
cljs$cst$98$cljs_DOT_core_SLASH_not_found:yh
clojure$data$atom_diff:Qp
clojure$data$diff:Tp
clojure$data$diff_associative:Up
clojure$data$diff_associative_key:Sp
clojure$data$diff_sequential:Vp
clojure$data$diff_set:Wp
clojure$data$diff_similar:Yp
clojure$data$equality_partition:Xp
clojure$data$vectorize:Rp
clojure$set$bubble_max_key:Ym
clojure$set$difference:$m
clojure$set$intersection:Zm
clojure$string$join$cljs$0core$0IFn$0_invoke$0arity$02:ym
clojure$string$replace:xm
clojure$string$replace_all:vm
clojure$string$replace_with:wm
clojure$string$split$cljs$0core$0IFn$0_invoke$0arity$03:zm
com$cognitect$transit$eq$equals:hq
com$cognitect$transit$eq$hashArrayLike:nq
com$cognitect$transit$eq$hashCode:mq
com$cognitect$transit$eq$hashCodeCounter:gq
com$cognitect$transit$eq$hashCombine:iq
com$cognitect$transit$eq$hashMapLike:lq
com$cognitect$transit$eq$stringCodeCache:jq
com$cognitect$transit$eq$stringCodeCacheSize:kq
com$cognitect$transit$util$isArray:eq
com$cognitect$transit$util$objectKeys:dq
com$cognitect$transit$util$randHex:fq
container$jscomp$inline_1653:gr
count__9981_10262$jscomp$inline_1640:Vq
event_v$jscomp$inline_1631:Qq
fn_to_element$jscomp$inline_1024:ro
goog:aa
goog$UID_PROPERTY_:fa
goog$async$nextTick:Fo
goog$bind:la
goog$bindJs_:ka
goog$bindNative_:ja
goog$dom$createElement:Eo
goog$events$BrowserEvent:Io
goog$events$BrowserEvent$IE_POINTER_TYPE_MAP:Jo
goog$events$BrowserFeature$PASSIVE_EVENTS:Ho
goog$events$Event:Go
goog$events$LISTENER_MAP_PROP_:Ro
goog$events$LISTENER_WRAPPER_PROP_:bp
goog$events$Listenable$IMPLEMENTED_BY_PROP:Ko
goog$events$ListenableKey$counter_:Lo
goog$events$Listener:Mo
goog$events$ListenerMap:Oo
goog$events$ListenerMap$findListenerIndex_:Po
goog$events$getListenerMap_:Yo
goog$events$getOnString_:$o
goog$events$getProxy:Zo
goog$events$handleBrowserEvent_:ap
goog$events$listen:Uo
goog$events$listenOnce:Vo
goog$events$listen_:Xo
goog$events$listenerCountEstimate_:To
goog$events$onStringMap_:So
goog$events$wrapListener:Wo
goog$getUid:ea
goog$global:ca
goog$inherits:ma
goog$isObject:da
goog$reflect$sinkValue:na
goog$string$StringBuffer:Na
goog$typeOf:q
goog$uidCounter_:ia
goog$userAgent$GECKO:Bo
goog$userAgent$WEBKIT:Co
i$jscomp$inline_1183:yq
i__9982_10263$jscomp$inline_1641:Wq
ical_viewer$db$default_db:uq
ical_viewer$views$action_panel:Oq
ical_viewer$views$error_message:Nq
ical_viewer$views$event_display:Lq
ical_viewer$views$event_type_selector:Gq
ical_viewer$views$events_cards:Jq
ical_viewer$views$events_compact:Kq
ical_viewer$views$events_table:Iq
ical_viewer$views$format_date_range:Dq
ical_viewer$views$load_mock_data:Pq
ical_viewer$views$loading_spinner:Mq
ical_viewer$views$main_panel:zo
ical_viewer$views$search_controls:Fq
ical_viewer$views$statistics_panel:Eq
ical_viewer$views$view_mode_selector:Hq
id$jscomp$inline_1023:qo
interceptors$jscomp$inline_1629:Cq
ks$jscomp$inline_1180:vq
len$jscomp$inline_1182:xq
listener$jscomp$inline_1052:lp
module$contents$goog$array_defaultCompare:La
module$contents$goog$array_indexOf:Ja
module$contents$goog$array_sort:Ka
module$contents$goog$array_stableSort:Ma
module$contents$goog$labs$userAgent$platform_isIphone:Ao
module$contents$goog$labs$userAgent$util_getNativeUserAgentString:Ha
module$contents$goog$labs$userAgent$util_matchUserAgent:Ia
module$contents$goog$math$Long_Long:pa
module$contents$goog$math$Long_Long$fromBits:oa
module$contents$goog$math$Long_Long$fromNumber:qa
module$contents$goog$math$Long_Long$fromString:wa
module$contents$goog$math$Long_MAX_VALUE_:ra
module$contents$goog$math$Long_MIN_VALUE_:sa
module$contents$goog$math$Long_NEG_ONE_:Ca
module$contents$goog$math$Long_ONE_:Ba
module$contents$goog$math$Long_ZERO_:va
module$contents$goog$object_PROTOTYPE_FIELDS:Fa
module$contents$goog$object_extend:Ga
module$contents$goog$object_get:Ea
module$contents$goog$object_getKeys:Da
module$node_modules$react$index:um
module$node_modules$react_dom$index:uo
navigator$jscomp$inline_1028:Do
opts$jscomp$inline_1022:po
out$jscomp$inline_1184:zq
parse_fn$jscomp$inline_1025:so
re_frame$cofx$inject_db:Pp
re_frame$core$reg_event_db:aq
re_frame$core$reg_sub$cljs$0core$0IFn$0_invoke$0arity$0variadic:bq
re_frame$db$app_db:gp
re_frame$events$_STAR_handling_STAR_:vp
re_frame$events$handle:wp
re_frame$fx$dispatch_later:Op
re_frame$fx$do_fx:Np
re_frame$interceptor$__GT_interceptor:qp
re_frame$interceptor$assoc_coeffect:sp
re_frame$interceptor$enqueue:up
re_frame$interceptor$get_coeffect$cljs$0core$0IFn$0_invoke$0arity$02:rp
re_frame$interceptor$invoke_interceptors:tp
re_frame$interop$add_on_dispose_BANG_:dp
re_frame$interop$deref_QMARK_:cp
re_frame$interop$empty_queue:mf
re_frame$interop$reagent_id:fp
re_frame$interop$set_timeout_BANG_:ep
re_frame$loggers$console:ip
re_frame$loggers$loggers:hp
re_frame$registrar$clear_handlers:pp
re_frame$registrar$get_handler$cljs$0core$0IFn$0_invoke$0arity$02:np
re_frame$registrar$kind__GT_id__GT_handler:mp
re_frame$registrar$register_handler:op
re_frame$router$dispatch:Mp
re_frame$router$event_queue:Lp
re_frame$router$later_fns:Ep
re_frame$settings$store:kp
re_frame$std_interceptors$db_handler__GT_interceptor:Zp
re_frame$std_interceptors$inject_global_interceptors:$p
re_frame$subs$cache_and_return:yp
re_frame$subs$cache_lookup$cljs$0core$0IFn$0_invoke$0arity$02:zp
re_frame$subs$deref_input_signals:Cp
re_frame$subs$map_vals:Bp
re_frame$subs$query__GT_reaction:xp
re_frame$subs$reg_sub:Dp
re_frame$subs$subscribe:Ap
re_frame$utils$first_in_vector:jp
reagent$core$after_render:to
reagent$dom$render$cljs$0core$0IFn$0_invoke$0arity$03:xo
reagent$dom$render_comp:wo
reagent$dom$roots:vo
reagent$impl$batching$RenderQueue:Rm
reagent$impl$batching$compare_mount_order:Nm
reagent$impl$batching$enqueue:Qm
reagent$impl$batching$fake_raf:Lm
reagent$impl$batching$mount_count:Km
reagent$impl$batching$next_tick:Mm
reagent$impl$batching$queue_render:Tm
reagent$impl$batching$ratom_flush:Om
reagent$impl$batching$render_queue:Sm
reagent$impl$batching$run_funs:Pm
reagent$impl$component$_STAR_current_component_STAR_:xn
reagent$impl$component$built_in_static_method_names:In
reagent$impl$component$cache_react_class:Kn
reagent$impl$component$camelify_map_keys:En
reagent$impl$component$cljsify:Hn
reagent$impl$component$create_class:Jn
reagent$impl$component$custom_wrapper:Bn
reagent$impl$component$dash_to_method_name:Dn
reagent$impl$component$functional_render:Mn
reagent$impl$component$functional_render_fn:On
reagent$impl$component$functional_render_memo_fn:Nn
reagent$impl$component$functional_wrap_render:Ln
reagent$impl$component$map_to_js:Gn
reagent$impl$component$obligatory:Cn
reagent$impl$component$props_argv:yn
reagent$impl$component$rat_opts:wn
reagent$impl$component$reagent_class_QMARK_:zn
reagent$impl$component$wrap_funs:Fn
reagent$impl$component$wrap_render:An
reagent$impl$input$_STAR_force_set_dom_value_STAR_:Qn
reagent$impl$input$input_component_set_value:Sn
reagent$impl$input$input_handle_change:Tn
reagent$impl$input$input_node_set_value:Rn
reagent$impl$input$input_render_setup:Un
reagent$impl$input$input_spec:Vn
reagent$impl$input$these_inputs_have_selection_api:Pn
reagent$impl$protocols$as_element:Wm
reagent$impl$protocols$get_id:Um
reagent$impl$protocols$make_element:Xm
reagent$impl$protocols$parse_tag:Vm
reagent$impl$template$HiccupTag:fo
reagent$impl$template$_STAR_current_default_compiler_STAR_:oo
reagent$impl$template$cache_get:Yn
reagent$impl$template$convert_custom_prop_value:co
reagent$impl$template$convert_prop_value:$n
reagent$impl$template$custom_kv_conv:bo
reagent$impl$template$custom_prop_name_cache:ao
reagent$impl$template$expand_seq:lo
reagent$impl$template$function_element:ho
reagent$impl$template$kv_conv:Zn
reagent$impl$template$make_element:eo
reagent$impl$template$maybe_function_element:io
reagent$impl$template$native_element:ko
reagent$impl$template$prop_name_cache:Xn
reagent$impl$template$re_tag:Wn
reagent$impl$template$reag_element:go
reagent$impl$template$t_reagent$0impl$0template8485:no
reagent$impl$template$tag_name_cache:jo
reagent$impl$template$vec_to_elem:mo
reagent$impl$util$_STAR_always_update_STAR_:Hm
reagent$impl$util$capitalize:Cm
reagent$impl$util$class_names:Gm
reagent$impl$util$dash_to_prop_name:Dm
reagent$impl$util$dont_camel_case:Bm
reagent$impl$util$fun_name:Em
reagent$impl$util$get_react_key:Im
reagent$impl$util$is_client:Am
reagent$impl$util$named_QMARK_:Fm
reagent$impl$util$react_key_from_vec:Jm
reagent$ratom$RAtom:jn
reagent$ratom$RCursor:pn
reagent$ratom$Reaction:sn
reagent$ratom$Track:on
reagent$ratom$_STAR_ratom_context_STAR_:an
reagent$ratom$add_on_dispose_BANG_:rn
reagent$ratom$add_w:dn
reagent$ratom$atom:kn
reagent$ratom$cached_reaction:ln
reagent$ratom$deref_capture:bn
reagent$ratom$dispose_BANG_:qn
reagent$ratom$flush_BANG_:tn
reagent$ratom$handle_reaction_change:ic
reagent$ratom$make_reaction:nn
reagent$ratom$notify_deref_watcher_BANG_:cn
reagent$ratom$notify_w:fn
reagent$ratom$pr_atom:gn
reagent$ratom$rea_queue:hn
reagent$ratom$remove_w:en
reagent$ratom$run_in_reaction:vn
reagent$ratom$temp_reaction:un
req$jscomp$inline_1178:tq
root_el$jscomp$inline_1596:yo
rxn_10266$jscomp$inline_1643:Yq
rxn_10282$jscomp$inline_1651:fr
seq__9979_10260$jscomp$inline_1638:Rq
seq__9979_10274__$1$jscomp$inline_1645:$q
shadow$js$files:qm
shadow$js$jsRequire:tm
shadow$js$nativeProvides:rm
shadow$js$requireStack:sm
temp__5804__auto___10271$jscomp$inline_1644:Zq
vec__10021_10264$jscomp$inline_1642:Xq
vec__10024_10280$jscomp$inline_1650:er
vs$jscomp$inline_1181:wq
