__extmap:xa
__hash:u
__meta:Ua
_hash:tb
_meta:Ha
_next:Va
_rest:qc
_seq:Eb
afn:B
afterRender:Wb
ajax$protocols$AjaxResponse$_body$arity$1:hd
args:Fb
arr:j
auto_run:Ia
base_count:Lc
beforeFlush:Xb
bitmap:Y
buf:rc
buffer_:Wa
callOnce:sc
captured:tc
caught:uc
cb:Mc
chunk:P
chunk_next:Yb
ci:Zb
cljs$core$APersistentVector$:vc
cljs$core$Fn$:jd
cljs$core$IAssociative$:kd
cljs$core$IAssociative$_assoc$arity$3:Ba
cljs$core$IAssociative$_contains_key_QMARK_$arity$2:Pa
cljs$core$IChunk$_drop_first$arity$1:wc
cljs$core$IChunkedNext$_chunked_next$arity$1:$b
cljs$core$IChunkedSeq$:Ud
cljs$core$IChunkedSeq$_chunked_first$arity$1:Gb
cljs$core$IChunkedSeq$_chunked_rest$arity$1:Qa
cljs$core$ICollection$:Vd
cljs$core$ICollection$_conj$arity$2:ba
cljs$core$IComparable$:ub
cljs$core$IComparable$_compare$arity$2:Xa
cljs$core$ICounted$:Nc
cljs$core$ICounted$_count$arity$1:V
cljs$core$IDeref$:Oc
cljs$core$IDeref$_deref$arity$1:Aa
cljs$core$IDrop$:Wd
cljs$core$IDrop$_drop$arity$2:La
cljs$core$IEditableCollection$:ld
cljs$core$IEditableCollection$_as_transient$arity$1:vb
cljs$core$IEmptyableCollection$:md
cljs$core$IEmptyableCollection$_empty$arity$1:$
cljs$core$IEncodeClojure$:Xd
cljs$core$IEncodeClojure$_js__GT_clj$arity$2:nd
cljs$core$IEncodeJS$:od
cljs$core$IEncodeJS$_clj__GT_js$arity$1:pd
cljs$core$IEquiv$_equiv$arity$2:D
cljs$core$IFind$_find$arity$2:wb
cljs$core$IFn$:Yd
cljs$core$IFn$_invoke$arity$0:v
cljs$core$IFn$_invoke$arity$1:g
cljs$core$IFn$_invoke$arity$10:Ya
cljs$core$IFn$_invoke$arity$11:Za
cljs$core$IFn$_invoke$arity$12:$a
cljs$core$IFn$_invoke$arity$13:ab
cljs$core$IFn$_invoke$arity$14:bb
cljs$core$IFn$_invoke$arity$15:cb
cljs$core$IFn$_invoke$arity$16:eb
cljs$core$IFn$_invoke$arity$17:fb
cljs$core$IFn$_invoke$arity$18:gb
cljs$core$IFn$_invoke$arity$19:hb
cljs$core$IFn$_invoke$arity$2:h
cljs$core$IFn$_invoke$arity$20:ib
cljs$core$IFn$_invoke$arity$21:xc
cljs$core$IFn$_invoke$arity$3:i
cljs$core$IFn$_invoke$arity$4:G
cljs$core$IFn$_invoke$arity$5:J
cljs$core$IFn$_invoke$arity$6:ya
cljs$core$IFn$_invoke$arity$7:jb
cljs$core$IFn$_invoke$arity$8:kb
cljs$core$IFn$_invoke$arity$9:lb
cljs$core$IFn$_invoke$arity$variadic:l
cljs$core$IHash$:qd
cljs$core$IHash$_hash$arity$1:O
cljs$core$IIndexed$:Pc
cljs$core$IIndexed$_nth$arity$2:M
cljs$core$IIndexed$_nth$arity$3:sa
cljs$core$IIterable$:Zd
cljs$core$IIterable$_iterator$arity$1:ua
cljs$core$IKVReduce$:rd
cljs$core$IKVReduce$_kv_reduce$arity$3:xb
cljs$core$IList$:$d
cljs$core$ILookup$:sd
cljs$core$ILookup$_lookup$arity$2:qa
cljs$core$ILookup$_lookup$arity$3:S
cljs$core$IMap$:td
cljs$core$IMap$_dissoc$arity$2:ac
cljs$core$IMapEntry$:ae
cljs$core$IMapEntry$_key$arity$1:ud
cljs$core$IMapEntry$_val$arity$1:vd
cljs$core$IMeta$:wd
cljs$core$IMeta$_meta$arity$1:T
cljs$core$INamed$:Qc
cljs$core$INext$:Hb
cljs$core$INext$_next$arity$1:fa
cljs$core$IPrintWithWriter$:aa
cljs$core$IPrintWithWriter$_pr_writer$arity$3:N
cljs$core$IRecord$:be
cljs$core$IReduce$:xd
cljs$core$IReduce$_reduce$arity$2:ja
cljs$core$IReduce$_reduce$arity$3:ka
cljs$core$IReset$_reset_BANG_$arity$2:va
cljs$core$IReversible$:ce
cljs$core$IReversible$_rseq$arity$1:Ib
cljs$core$ISeq$:yb
cljs$core$ISeq$_first$arity$1:ga
cljs$core$ISeq$_rest$arity$1:ha
cljs$core$ISeqable$:yd
cljs$core$ISeqable$_seq$arity$1:R
cljs$core$ISequential$:yc
cljs$core$ISet$:zd
cljs$core$ISet$_disjoin$arity$2:Rc
cljs$core$IStack$_peek$arity$1:mb
cljs$core$IStack$_pop$arity$1:nb
cljs$core$ISwap$_swap_BANG_$arity$2:bc
cljs$core$ISwap$_swap_BANG_$arity$3:cc
cljs$core$ISwap$_swap_BANG_$arity$4:dc
cljs$core$ISwap$_swap_BANG_$arity$5:ec
cljs$core$ITransientAssociative$_assoc_BANG_$arity$3:zb
cljs$core$ITransientCollection$_conj_BANG_$arity$2:Ab
cljs$core$ITransientCollection$_persistent_BANG_$arity$1:Jb
cljs$core$IVector$:de
cljs$core$IVector$_assoc_n$arity$3:ob
cljs$core$IWatchable$_add_watch$arity$3:Kb
cljs$core$IWatchable$_notify_watches$arity$3:fc
cljs$core$IWatchable$_remove_watch$arity$2:Lb
cljs$core$IWithMeta$_with_meta$arity$2:W
cljs$core$IWriter$_write$arity$2:Sc
cljs$lang$applyTo:A
cljs$lang$ctorPrWriter:Ad
cljs$lang$ctorStr:hc
cljs$lang$maxFixedArity:C
cljs$lang$protocol_mask$partition$:zc
cljs$lang$protocol_mask$partition0$:m
cljs$lang$protocol_mask$partition1$:F
cljs$lang$type:Tc
cljsDOMValue:ic
cljsInputDirty:Uc
cljsInputLive:Ac
cljsLegacyRender:Bd
cljsMountOrder:Bc
cljsRenderedValue:Cd
cljsState:Dd
clojure$data$Diff$diff_similar$arity$2:Ed
clojure$data$EqualityPartition$equality_partition$arity$1:Fd
cnt:o
collision_hash:Ma
com$cognitect$transit$equals:Mb
com$cognitect$transit$hashCode:Cc
componentQueue:jc
content_type:Ja
custom:Gd
dirty_QMARK_:Ra
edit:X
editable_QMARK_:Bb
ensure_editable:pb
equiv:Z
eventTargetListeners_:Vc
event_:Nb
ext_map_iter:Wc
fields:Hd
fn:Ob
fn_to_element:Xc
fqn:ra
front:wa
fseq:Cb
fsm_state:kc
getNextTickImpl_:Id
handler:Dc
hasNext:da
has_nil_QMARK_:na
hash_map:Na
high_:U
i:s
inode_assoc:Ca
inode_assoc_BANG_:Da
inode_find:Pb
inode_lookup:Sa
inode_seq:Qb
inode_without:Rb
inputEl:Ec
iter:Db
kv_reduce:Sb
len:qb
low_:ca
meta6555:Jd
meta8486:Kd
more:Ea
mseq:K
nextTickImpl:Yc
next_entry:Tb
next_iter:Fa
nil_val:oa
nocache_QMARK_:Zc
nodes:Ga
ns:ta
off:la
on_dispose:$c
on_dispose_arr:ad
on_set:Ld
opts:Md
parse_fn:lc
post_event_callback_fns:Nd
ratom:ea
reaction:Ub
reagReactionCache:Fc
reagent$impl$protocols$Compiler$as_element$arity$2:bd
reagent$impl$protocols$Compiler$get_id$arity$1:Od
reagent$impl$protocols$Compiler$make_element$arity$5:cd
reagent$impl$protocols$Compiler$parse_tag$arity$3:dd
reagent$ratom$IDisposable$add_on_dispose_BANG_$arity$2:ed
reagent$ratom$IDisposable$dispose_BANG_$arity$1:Gc
reagent$ratom$IReactiveAtom$:mc
reagentInput:Pd
reagentRefFn:fd
reagentRender:Ta
rear:za
record:Qd
removed:nc
rest:Oa
riter:Vb
root_iter:gd
s:I
sb:Rd
scheduled_QMARK_:oc
seen:Hc
str:Ka
superClass_:Ic
transient_map:rb
typeCount_:pc
useSetImmediate_:Sd
v:ia
val:H
validator:Jc
vec:pa
watches:ma
watchesArr:Kc
watching:sb
wrapCallback_:Td
