G__10276$jscomp$inline_1744:et
G__10277$jscomp$inline_1745:ft
G__10278$jscomp$inline_1746:gt
G__9522$jscomp$inline_1237:Ss
G__9523$jscomp$inline_1238:Ts
JSCompiler_StaticMethods_assoc_BANG_:sh
JSCompiler_StaticMethods_cleanUpTimeoutTimer_:ss
JSCompiler_StaticMethods_cleanUpXhr_:vs
JSCompiler_StaticMethods_cljs$core$ITransientVector$_assoc_n_BANG_$arity$3:rg
JSCompiler_StaticMethods_createInstance:ms
JSCompiler_StaticMethods_dispatchErrors_:us
JSCompiler_StaticMethods_div:ya
JSCompiler_StaticMethods_equals:Aa
JSCompiler_StaticMethods_error_:rs
JSCompiler_StaticMethods_fireListeners:fs
JSCompiler_StaticMethods_forceChunk:Kh
JSCompiler_StaticMethods_getOptions:is
JSCompiler_StaticMethods_getProgId_:js
JSCompiler_StaticMethods_getReadyState:xs
JSCompiler_StaticMethods_isZero:za
JSCompiler_StaticMethods_markAsRemoved:No
JSCompiler_StaticMethods_negate:ua
JSCompiler_StaticMethods_onReadyStateChangeHelper_:ws
JSCompiler_StaticMethods_re_frame$router$IEventQueue$_call_post_event_callbacks$arity$2:Kp
JSCompiler_StaticMethods_re_frame$router$IEventQueue$_fsm_trigger$arity$3:Gp
JSCompiler_StaticMethods_re_frame$router$IEventQueue$_pause$arity$2:Jp
JSCompiler_StaticMethods_re_frame$router$IEventQueue$_process_1st_event_in_queue$arity$1:Hp
JSCompiler_StaticMethods_re_frame$router$IEventQueue$_run_next_tick$arity$1:Ip
JSCompiler_StaticMethods_re_frame$router$IEventQueue$_run_queue$arity$1:Fp
JSCompiler_StaticMethods_removeByKey:Qo
JSCompiler_StaticMethods_sval:Be
JSCompiler_StaticMethods_toNumber:xa
JSCompiler_prototypeAlias:g
JSCompiler_temp$jscomp$309:Js
JSCompiler_temp$jscomp$310:Ks
L 0:a
L 1:b
L 10:n
L 11:p
L 12:u
L 13:w
L 14:z
L 15:D
L 16:I
L 17:S
L 18:T
L 19:ba
L 2:c
L 20:ha
L 21:ta
L 22:Kb
L 3:d
L 4:e
L 5:f
L 6:h
L 7:k
L 8:l
L 9:m
ajax$formats$accept_header:ds
ajax$formats$detect_content_type:as
ajax$formats$detect_response_format:Yr
ajax$formats$detect_response_format_read:cs
ajax$formats$get_accept_entries:$r
ajax$formats$get_default_format:bs
ajax$formats$get_format:Zr
ajax$interceptors$ApplyRequestFormat:Sr
ajax$interceptors$DirectSubmission:Vr
ajax$interceptors$ProcessUrlParameters:Ur
ajax$interceptors$ResponseFormat:oq
ajax$interceptors$content_type_to_request_header:Rr
ajax$interceptors$fail:Qr
ajax$interceptors$get_response_format:Xr
ajax$interceptors$map__GT_ResponseFormat:pq
ajax$interceptors$request_interceptors:Wr
ajax$interceptors$uri_with_params:Tr
ajax$json$json_request_format:gl
ajax$json$json_response_format:qq
ajax$protocols$_body:cq
ajax$protocols$_get_response_header:Dr
ajax$protocols$_js_ajax_request:Ar
ajax$protocols$_process_request:Fr
ajax$protocols$_process_response:Gr
ajax$protocols$_status:Br
ajax$protocols$_status_text:Cr
ajax$protocols$_was_aborted:Er
ajax$simple$default_interceptors:Cs
ajax$simple$make_js_handler:Bs
ajax$simple$normalize_method:zs
ajax$simple$normalize_request:Ds
ajax$simple$process_request:Es
ajax$simple$process_response:As
ajax$simple$raw_ajax_request:Fs
ajax$url$key_encode:Kr
ajax$url$key_value_pair_to_str:Mr
ajax$url$param_to_key_value_pairs:Pr
ajax$url$to_vec_key_transform:Or
ajax$url$value_encode:Lr
ajax$url$vec_key_transform_fn:Nr
ajax$util$get_content_type:Ir
ajax$util$successful_response_codes_set:Jr
ajax$util$throw_error:Hr
ajax$xml_http_request$xmlhttprequest:Ms
c__5525__auto___10275$jscomp$inline_1743:dt
chunk__9980_10261$jscomp$inline_1736:Xs
cljs$core$ArrayChunk:De
cljs$core$ArrayNode:ch
cljs$core$ArrayNodeIterator:gh
cljs$core$ArrayNodeSeq:nh
cljs$core$Atom:of
cljs$core$BitmapIndexedNode:Vg
cljs$core$BitmapIndexedNode$EMPTY:bh
cljs$core$Box:Pg
cljs$core$ChunkBuffer:Ce
cljs$core$ChunkedCons:Fe
cljs$core$ChunkedSeq:kg
cljs$core$Cons:ue
cljs$core$ES6EntriesIterator:Ag
cljs$core$ES6Iterator:Vc
cljs$core$ES6IteratorSeq:Xc
cljs$core$ES6SetEntriesIterator:Bg
cljs$core$EmptyList:se
cljs$core$ExceptionInfo:ri
cljs$core$Fn:hb
cljs$core$HashCollisionNode:kh
cljs$core$HashMapIter:ph
cljs$core$HashSetIter:zh
cljs$core$IAssociative:yb
cljs$core$ICollection:nb
cljs$core$ICounted:jb
cljs$core$IDeref:Nb
cljs$core$IEmptyableCollection:lb
cljs$core$IEncodeClojure:li
cljs$core$IEncodeJS:gi
cljs$core$IFn:ib
cljs$core$IIndexed:pb
cljs$core$IIndexed$_nth$dyn_7805:rb
cljs$core$IIterable:xc
cljs$core$IKVReduce:Ub
cljs$core$IList:ac
cljs$core$ILookup:vb
cljs$core$ILookup$_lookup$dyn_7812:xb
cljs$core$IMap:Cb
cljs$core$IMeta:Ob
cljs$core$INIT:bf
cljs$core$INext:ub
cljs$core$IPrintWithWriter:fc
cljs$core$IRecord:bc
cljs$core$IReduce:Rb
cljs$core$IReduce$_reduce$dyn_7833:Tb
cljs$core$IReversible:dc
cljs$core$ISeq:sb
cljs$core$ISeqable:Yb
cljs$core$ISequential:$b
cljs$core$ISet:Gb
cljs$core$ISwap$_swap_BANG_$dyn_7938:wc
cljs$core$ITER_SYMBOL:cb
cljs$core$IVector:Lb
cljs$core$IndexedSeq:H
cljs$core$IndexedSeqIterator:qd
cljs$core$IntegerRange:Ih
cljs$core$IntegerRangeChunk:Gh
cljs$core$KeySeq:uh
cljs$core$Keyword:F
cljs$core$LazySeq:Ae
cljs$core$List:Ad
cljs$core$List$EMPTY:K
cljs$core$MapEntry:Zf
cljs$core$MetaFn:Hd
cljs$core$NeverEquiv:wg
cljs$core$NodeIterator:Ug
cljs$core$NodeSeq:lh
cljs$core$PROTOCOL_SENTINEL:r
cljs$core$PersistentArrayMap:t
cljs$core$PersistentArrayMap$EMPTY:Ze
cljs$core$PersistentArrayMap$HASHMAP_THRESHOLD:Ig
cljs$core$PersistentArrayMap$createAsIfByAssoc:Ed
cljs$core$PersistentArrayMap$createAsIfByAssocComplexPath:Ng
cljs$core$PersistentArrayMapIterator:Eg
cljs$core$PersistentArrayMapSeq:Dg
cljs$core$PersistentHashMap:qh
cljs$core$PersistentHashMap$EMPTY:Jg
cljs$core$PersistentHashSet:Ah
cljs$core$PersistentHashSet$EMPTY:Ch
cljs$core$PersistentQueue:ug
cljs$core$PersistentQueue$EMPTY:vg
cljs$core$PersistentQueueIter:sg
cljs$core$PersistentQueueSeq:tg
cljs$core$PersistentVector:Y
cljs$core$PersistentVector$EMPTY:zd
cljs$core$PersistentVector$EMPTY_NODE:Z
cljs$core$PersistentVector$fromArray:eg
cljs$core$RSeq:pc
cljs$core$Range:Jh
cljs$core$RangeIterator:Hh
cljs$core$RangedIterator:Vf
cljs$core$RecordIter:zg
cljs$core$Reduced:ed
cljs$core$Repeat:wf
cljs$core$START:cf
cljs$core$SeqIter:df
cljs$core$StringBufferWriter:Ac
cljs$core$Subvec:mg
cljs$core$Symbol:Oc
cljs$core$TransientArrayMap:Hg
cljs$core$TransientHashMap:rh
cljs$core$TransientHashSet:Bh
cljs$core$TransientVector:$f
cljs$core$ValSeq:vh
cljs$core$VectorNode:Kf
cljs$core$_EQ_:N
cljs$core$_STAR_print_fn_STAR_:Oa
cljs$core$_STAR_print_level_STAR_:Qa
cljs$core$_STAR_print_newline_STAR_:Pa
cljs$core$__destructure_map:Ye
cljs$core$_add_watch:hc
cljs$core$_as_transient:lc
cljs$core$_assoc:Ab
cljs$core$_assoc_BANG_:oc
cljs$core$_assoc_n:Mb
cljs$core$_chunked_first:sc
cljs$core$_chunked_rest:tc
cljs$core$_clj__GT_js:hi
cljs$core$_conj:ob
cljs$core$_conj_BANG_:mc
cljs$core$_contains_key_QMARK_:zb
cljs$core$_count:kb
cljs$core$_deref:C
cljs$core$_disjoin:Hb
cljs$core$_dissoc:Db
cljs$core$_drop:zc
cljs$core$_drop_first:rc
cljs$core$_empty:mb
cljs$core$_equiv:Wb
cljs$core$_find:Bb
cljs$core$_first:B
cljs$core$_hash:Xb
cljs$core$_indexOf$cljs$0core$0IFn$0_invoke$0arity$03:O
cljs$core$_iterator:yc
cljs$core$_js__GT_clj:mi
cljs$core$_key:Eb
cljs$core$_kv_reduce:Vb
cljs$core$_lastIndexOf$cljs$0core$0IFn$0_invoke$0arity$03:Q
cljs$core$_lookup:wb
cljs$core$_meta:Pb
cljs$core$_nth:qb
cljs$core$_peek:Ib
cljs$core$_persistent_BANG_:nc
cljs$core$_pop:Jb
cljs$core$_pr_writer:gc
cljs$core$_reduce:Sb
cljs$core$_remove_watch:kc
cljs$core$_reset_BANG_:uc
cljs$core$_rest:tb
cljs$core$_rseq:jc
cljs$core$_seq:Zb
cljs$core$_swap_BANG_:vc
cljs$core$_val:Fb
cljs$core$_with_meta:Qb
cljs$core$_write:ec
cljs$core$aclone:db
cljs$core$apply:Id
cljs$core$apply$cljs$0core$0IFn$0_invoke$0arity$02:Te
cljs$core$apply$cljs$0core$0IFn$0_invoke$0arity$03:Ue
cljs$core$apply$cljs$0core$0IFn$0_invoke$0arity$04:Ve
cljs$core$apply$cljs$0core$0IFn$0_invoke$0arity$05:We
cljs$core$apply$cljs$0core$0IFn$0_invoke$0arity$0variadic:Xe
cljs$core$apply_to:Le
cljs$core$apply_to_simple$cljs$0core$0IFn$0_invoke$0arity$03:Pe
cljs$core$apply_to_simple$cljs$0core$0IFn$0_invoke$0arity$04:Qe
cljs$core$apply_to_simple$cljs$0core$0IFn$0_invoke$0arity$05:Re
cljs$core$apply_to_simple$cljs$0core$0IFn$0_invoke$0arity$06:Se
cljs$core$array_QMARK_:Za
cljs$core$array__GT_transient_hash_map:Og
cljs$core$array_copy:Vd
cljs$core$array_for:Sf
cljs$core$array_index_of:Cg
cljs$core$array_map:th
cljs$core$array_reduce$cljs$0core$0IFn$0_invoke$0arity$02:jd
cljs$core$array_reduce$cljs$0core$0IFn$0_invoke$0arity$03:kd
cljs$core$array_reduce$cljs$0core$0IFn$0_invoke$0arity$04:ld
cljs$core$assoc:W
cljs$core$assoc_in:Hf
cljs$core$atom$cljs$0core$0IFn$0_invoke$0arity$01:pf
cljs$core$bit_count:re
cljs$core$boolean$0:Yd
cljs$core$bounded_count:Ie
cljs$core$build_subvec:ng
cljs$core$butlast:Eh
cljs$core$char_escapes:Rh
cljs$core$chunk_append:He
cljs$core$chunk_buffer:Ee
cljs$core$chunk_cons:Ge
cljs$core$chunked_seq:dg
cljs$core$chunked_seq$cljs$0core$0IFn$0_invoke$0arity$04:cg
cljs$core$chunked_seq$cljs$0core$0IFn$0_invoke$0arity$05:lg
cljs$core$chunked_seq_QMARK_:Ud
cljs$core$ci_reduce$cljs$0core$0IFn$0_invoke$0arity$02:hd
cljs$core$ci_reduce$cljs$0core$0IFn$0_invoke$0arity$03:id
cljs$core$clj__GT_js:ji
cljs$core$clone_and_set$cljs$0core$0IFn$0_invoke$0arity$03:Qg
cljs$core$coll_QMARK_:Od
cljs$core$complement:gf
cljs$core$concat:Ke
cljs$core$conj:yd
cljs$core$cons:R
cljs$core$contains_QMARK_:be
cljs$core$count:P
cljs$core$counted_QMARK_:md
cljs$core$create_array_node_seq:ih
cljs$core$create_array_node_seq$cljs$0core$0IFn$0_invoke$0arity$01:hh
cljs$core$create_array_node_seq$cljs$0core$0IFn$0_invoke$0arity$03:oh
cljs$core$create_inode_seq:Xg
cljs$core$create_inode_seq$cljs$0core$0IFn$0_invoke$0arity$01:Wg
cljs$core$create_inode_seq$cljs$0core$0IFn$0_invoke$0arity$03:mh
cljs$core$create_node:eh
cljs$core$create_node$cljs$0core$0IFn$0_invoke$0arity$06:fh
cljs$core$create_node$cljs$0core$0IFn$0_invoke$0arity$07:dh
cljs$core$deref:gd
cljs$core$disj:Md
cljs$core$dissoc:Fd
cljs$core$do_assoc:Tf
cljs$core$doall$cljs$0core$0IFn$0_invoke$0arity$01:Lh
cljs$core$drop$cljs$0core$0IFn$0_invoke$0arity$02:tf
cljs$core$drop_last$cljs$0core$0IFn$0_invoke$0arity$02:uf
cljs$core$edit_and_set$cljs$0core$0IFn$0_invoke$0arity$04:Sg
cljs$core$empty:Bd
cljs$core$empty_QMARK_:Nd
cljs$core$empty_ordered_hash:Zc
cljs$core$empty_unordered_hash:cd
cljs$core$enable_console_print_BANG_:Xa
cljs$core$equiv_map:yg
cljs$core$equiv_sequential:sd
cljs$core$es6_iterator:Wc
cljs$core$es6_iterator_seq:Tc
cljs$core$every_QMARK_:ef
cljs$core$ex_info$cljs$0core$0IFn$0_invoke$0arity$02:si
cljs$core$filter$cljs$0core$0IFn$0_invoke$0arity$02:yf
cljs$core$first:J
cljs$core$flatten:Bf
cljs$core$fn_QMARK_:Gd
cljs$core$fnil$cljs$0core$0IFn$0_invoke$0arity$02:kf
cljs$core$gensym$cljs$0core$0IFn$0_invoke$0arity$01:fi
cljs$core$gensym_counter:ei
cljs$core$get:Pc
cljs$core$get$cljs$0core$0IFn$0_invoke$0arity$02:E
cljs$core$get$cljs$0core$0IFn$0_invoke$0arity$03:Qc
cljs$core$get_in$cljs$0core$0IFn$0_invoke$0arity$02:Gf
cljs$core$group_by:pi
cljs$core$hash:Kc
cljs$core$hash_collision_node_find_index:jh
cljs$core$hash_combine:Lc
cljs$core$hash_ordered_coll:Yc
cljs$core$hash_string:Jc
cljs$core$hash_unordered_coll:$c
cljs$core$identity:me
cljs$core$ifn_QMARK_:$d
cljs$core$imul:Cc
cljs$core$inc:dd
cljs$core$indexed_QMARK_:nd
cljs$core$inode_kv_reduce:Tg
cljs$core$instance_QMARK_:Mc
cljs$core$integer_QMARK_:ae
cljs$core$into:lf
cljs$core$into_array$cljs$0core$0IFn$0_invoke$0arity$02:eb
cljs$core$iter_reduce$cljs$0core$0IFn$0_invoke$0arity$02:ie
cljs$core$iter_reduce$cljs$0core$0IFn$0_invoke$0arity$03:je
cljs$core$iterable_QMARK_:Sc
cljs$core$js__GT_clj$cljs$0core$0IFn$0_invoke$0arity$0variadic:ni
cljs$core$juxt$cljs$0core$0IFn$0_invoke$0arity$02:ud
cljs$core$keep$cljs$0core$0IFn$0_invoke$0arity$02:nf
cljs$core$key:hg
cljs$core$key__GT_js$cljs$0core$0IFn$0_invoke$0arity$02:ii
cljs$core$key_test:Kg
cljs$core$keys:Fg
cljs$core$keyword:ye
cljs$core$keyword_identical_QMARK_:we
cljs$core$last:xd
cljs$core$lift_ns:bi
cljs$core$linear_traversal_nth$cljs$0core$0IFn$0_invoke$0arity$03:Dd
cljs$core$lookup_sentinel:Wd
cljs$core$m3_fmix:Fc
cljs$core$m3_hash_unencoded_chars:Gc
cljs$core$m3_mix_H1:Ec
cljs$core$m3_mix_K1:Dc
cljs$core$map:X
cljs$core$map_QMARK_:Rd
cljs$core$map_entry_QMARK_:gg
cljs$core$map_indexed$cljs$0core$0IFn$0_invoke$0arity$02:rd
cljs$core$mapcat$cljs$0core$0IFn$0_invoke$0arity$0variadic:bd
cljs$core$mapv$cljs$0core$0IFn$0_invoke$0arity$02:Cf
cljs$core$max:pe
cljs$core$max_key:Fh
cljs$core$merge:wh
cljs$core$meta:Kd
cljs$core$missing_protocol:y
cljs$core$name:ze
cljs$core$namespace:xe
cljs$core$native_satisfies_QMARK_:x
cljs$core$never_equiv:xg
cljs$core$new_path:Of
cljs$core$next:M
cljs$core$next_STAR_:Oe
cljs$core$nil_QMARK_:Ya
cljs$core$not:$a
cljs$core$not_empty:$e
cljs$core$nth:pd
cljs$core$nth$cljs$0core$0IFn$0_invoke$0arity$02:od
cljs$core$nth$cljs$0core$0IFn$0_invoke$0arity$03:V
cljs$core$pam_grow_seed_array:Mg
cljs$core$pam_new_size:Lg
cljs$core$partial:jf
cljs$core$partition$cljs$0core$0IFn$0_invoke$0arity$03:Ff
cljs$core$peek:Ld
cljs$core$pop_tail:Uf
cljs$core$pr_opts:Ra
cljs$core$pr_sequential_writer:Nh
cljs$core$pr_str_STAR_:Bc
cljs$core$pr_str_with_opts:Zh
cljs$core$pr_writer:Vh
cljs$core$pr_writer_impl:Uh
cljs$core$prim_seq$cljs$0core$0IFn$0_invoke$0arity$02:U
cljs$core$print_map:Wh
cljs$core$print_meta_QMARK_:Th
cljs$core$print_prefix_map:ci
cljs$core$println$cljs$0core$0IFn$0_invoke$0arity$0variadic:$h
cljs$core$push_tail:Pf
cljs$core$pv_clone_node:Mf
cljs$core$pv_fresh_node:Lf
cljs$core$pv_reduce$cljs$0core$0IFn$0_invoke$0arity$04:Xf
cljs$core$pv_reduce$cljs$0core$0IFn$0_invoke$0arity$05:Yf
cljs$core$qualified_keyword_QMARK_:Nc
cljs$core$quot:qe
cljs$core$quote_string:Sh
cljs$core$ranged_iterator:Wf
cljs$core$re_matches:Mh
cljs$core$record_QMARK_:Sd
cljs$core$reduce:gb
cljs$core$reduce$cljs$0core$0IFn$0_invoke$0arity$02:ke
cljs$core$reduce$cljs$0core$0IFn$0_invoke$0arity$03:fb
cljs$core$reduce_kv:le
cljs$core$reduced_QMARK_:fd
cljs$core$remove$cljs$0core$0IFn$0_invoke$0arity$02:zf
cljs$core$remove_pair:Rg
cljs$core$repeat$cljs$0core$0IFn$0_invoke$0arity$02:xf
cljs$core$reset_BANG_:qf
cljs$core$rest:Uc
cljs$core$second:wd
cljs$core$select_keys:xh
cljs$core$seq:G
cljs$core$seq_QMARK_:Xd
cljs$core$seq_reduce:qc
cljs$core$seq_reduce$cljs$0core$0IFn$0_invoke$0arity$02:td
cljs$core$seq_reduce$cljs$0core$0IFn$0_invoke$0arity$03:vd
cljs$core$sequential_QMARK_:Qd
cljs$core$set:Dh
cljs$core$set_QMARK_:Pd
cljs$core$some:ff
cljs$core$spread:Je
cljs$core$str:A
cljs$core$string_hash_cache:Hc
cljs$core$string_hash_cache_count:Ic
cljs$core$string_print:Qh
cljs$core$strip_ns:ai
cljs$core$subvec:og
cljs$core$swap_BANG_:rf
cljs$core$symbol:Rc
cljs$core$t_cljs$0core6554:af
cljs$core$tail_off:Nf
cljs$core$take$cljs$0core$0IFn$0_invoke$0arity$02:sf
cljs$core$take_last:vf
cljs$core$transduce$cljs$0core$0IFn$0_invoke$0arity$04:ne
cljs$core$tree_seq:Af
cljs$core$truth_:v
cljs$core$tv_editable_root:ag
cljs$core$tv_editable_tail:bg
cljs$core$tv_ensure_editable:pg
cljs$core$tv_push_tail:qg
cljs$core$type:ab
cljs$core$type__GT_str:bb
cljs$core$unchecked_array_for:Rf
cljs$core$update:Jf
cljs$core$update_in:If
cljs$core$val:ig
cljs$core$vals:Gg
cljs$core$vec:fg
cljs$core$vector:jg
cljs$core$vector_QMARK_:Td
cljs$core$vector_index_out_of_bounds:Qf
cljs$core$with_meta:Jd
cljs$core$write_all$cljs$0core$0IFn$0_invoke$0arity$0variadic:Ph
cljs$cst$0$flush_on_newline:Sa
cljs$cst$1$readably:Ta
cljs$cst$105$more_marker:Oh
cljs$cst$106$alt_impl:Xh
cljs$cst$107$fallback_impl:Yh
cljs$cst$108$val:di
cljs$cst$109$status:Yg
cljs$cst$126$keyword_fn:ki
cljs$cst$127$keywordize_keys:oi
cljs$cst$139$type:jm
cljs$cst$141$message:ad
cljs$cst$177$warn:Sk
cljs$cst$178$error:Gj
cljs$cst$179$name:Pk
cljs$cst$182$class:cj
cljs$cst$184$key:im
cljs$cst$186$on_dispose:ol
cljs$cst$187$f:Hk
cljs$cst$189$auto_run:Ki
cljs$cst$190$path:vj
cljs$cst$193$on_set:rk
cljs$cst$194$no_cache:Di
cljs$cst$2$meta:Ua
cljs$cst$202$shouldComponentUpdate:Wi
cljs$cst$203$componentWillUnmount:Ak
cljs$cst$204$reagentRender:fj
cljs$cst$205$render:qj
cljs$cst$206$displayName:pl
cljs$cst$207$cljsLegacyRender:Rj
cljs$cst$208$childContextTypes:Yi
cljs$cst$209$contextTypes:il
cljs$cst$210$contextType:mk
cljs$cst$211$getDerivedStateFromProps:Pi
cljs$cst$212$getDerivedStateFromError:Dl
cljs$cst$213$getInitialState:Lk
cljs$cst$214$constructor:Ci
cljs$cst$215$reagent_render:$k
cljs$cst$216$on_write:vk
cljs$cst$217$display_name:Sl
cljs$cst$218$component_did_update:Uk
cljs$cst$219$component_will_unmount:bj
cljs$cst$222$id:kk
cljs$cst$223$className:Bk
cljs$cst$229$function_components:Tj
cljs$cst$230$parse_tag:Qi
cljs$cst$231$compiler:Jl
cljs$cst$232$callback:Il
cljs$cst$233$log:ul
cljs$cst$234$debug:hk
cljs$cst$235$group:Kj
cljs$cst$236$groupEnd:Hi
cljs$cst$237$loaded_QMARK_:tk
cljs$cst$238$global_interceptors:lm
cljs$cst$239$sub:om
cljs$cst$240$event:Yj
cljs$cst$241$cofx:ml
cljs$cst$242$fx:ti
cljs$cst$247$start:vl
cljs$cst$248$after:Cj
cljs$cst$249$before:Tl
cljs$cst$250$unnamed:km
cljs$cst$251$effects:Wl
cljs$cst$252$coeffects:ik
cljs$cst$253$queue:Lj
cljs$cst$254$stack:ej
cljs$cst$255$original_event:mj
cljs$cst$256$db:hj
cljs$cst$257$interceptors:hl
cljs$cst$261$end:Zj
cljs$cst$269$_LT__:am
cljs$cst$271$value:Fj
cljs$cst$272$flush_dom:Hl
cljs$cst$273$yield:Ol
cljs$cst$274$finish_run:xk
cljs$cst$275$pause:Ii
cljs$cst$276$add_event:Yl
cljs$cst$277$run_queue:ll
cljs$cst$279$idle:Ei
cljs$cst$280$scheduled:ek
cljs$cst$281$running:Qk
cljs$cst$282$exception:Zl
cljs$cst$283$paused:gj
cljs$cst$284$resume:Ml
cljs$cst$285$fsm_state:em
cljs$cst$286$trigger:xl
cljs$cst$292$do_fx:nj
cljs$cst$294$ms:Nj
cljs$cst$295$dispatch:Fi
cljs$cst$296$dispatch_later:ak
cljs$cst$297$dispatch_n:zj
cljs$cst$298$deregister_event_handler:zi
cljs$cst$299$atom:jk
cljs$cst$3$dup:Va
cljs$cst$300$sequential:Pj
cljs$cst$301$map:oj
cljs$cst$302$set:ok
cljs$cst$303$re_frame_DOT_std_interceptors_SLASH_not_found:lk
cljs$cst$304$unwrap:ij
cljs$cst$305$trim_v:ui
cljs$cst$306$db_handler:cl
cljs$cst$308$fx_handler:Xj
cljs$cst$313$inject_global_interceptors:nk
cljs$cst$314$body:dl
cljs$cst$315$status_text:Ll
cljs$cst$316$headers:Oq
cljs$cst$323$java:xq
cljs$cst$324$vec_strategy:fe
cljs$cst$325$write:Aj
cljs$cst$326$content_type:mm
cljs$cst$328$response:ck
cljs$cst$331$description:Df
cljs$cst$332$failure:pj
cljs$cst$333$parse:Eq
cljs$cst$334$original_text:Uq
cljs$cst$335$parse_error:Xl
cljs$cst$336$read:nl
cljs$cst$337$failed:$i
cljs$cst$338$aborted:sj
cljs$cst$339$timeout:Pq
cljs$cst$343$uri:yj
cljs$cst$344$method:ee
cljs$cst$345$format:rl
cljs$cst$346$params:tj
cljs$cst$347$url_params:ah
cljs$cst$348$response_format:jl
cljs$cst$349$handler:Hj
cljs$cst$350$api:ce
cljs$cst$351$with_credentials:rj
cljs$cst$352$progress_handler:Xq
cljs$cst$355$last_method:Ef
cljs$cst$356$last_error:tl
cljs$cst$357$last_error_code:Ji
cljs$cst$358$debug_message:qi
cljs$cst$359$on_success:Nk
cljs$cst$360$http_no_on_success:vi
cljs$cst$361$on_failure:Oj
cljs$cst$362$http_no_on_failure:gk
cljs$cst$363$on_request:Ne
cljs$cst$364$http_xhrio:he
cljs$cst$381$prefix:ge
cljs$cst$382$keywords_QMARK_:Zq
cljs$cst$383$raw:Ok
cljs$cst$389$not_initialized:Bj
cljs$cst$390$connection_established:dk
cljs$cst$391$request_received:Gl
cljs$cst$392$processing_request:Ik
cljs$cst$393$response_ready:Rk
cljs$cst$394$calendars:oe
cljs$cst$395$selected_calendar_id:Ej
cljs$cst$396$filters:Ri
cljs$cst$397$loading_QMARK_:Qj
cljs$cst$398$events:Gq
cljs$cst$399$view_mode:Xk
cljs$cst$4$print_length:Wa
cljs$cst$400$statistics:uj
cljs$cst$401$date_to:Li
cljs$cst$402$grouped_events:xi
cljs$cst$403$date_from:mr
cljs$cst$404$new_calendar:Mk
cljs$cst$405$search_text:Jk
cljs$cst$406$login_form:de
cljs$cst$407$user:wi
cljs$cst$408$current_view:Tq
cljs$cst$409$selected_event_types:jr
cljs$cst$410$selected_calendar:Zk
cljs$cst$411$total_events:Tk
cljs$cst$412$event_types:Qq
cljs$cst$413$years_covered:Dq
cljs$cst$414$url:dj
cljs$cst$415$username:Nq
cljs$cst$416$logged_in_QMARK_:sl
cljs$cst$417$login:el
cljs$cst$418$initialize_db:wq
cljs$cst$419$home:bk
cljs$cst$420$set_login_username:lr
cljs$cst$421$fetch_calendars:kl
cljs$cst$422$logout:dm
cljs$cst$423$set_current_view:hr
cljs$cst$424$navigate_home:Dk
cljs$cst$425$view_calendar:Vq
cljs$cst$426$calendar:wl
cljs$cst$427$load_calendar_events:jj
cljs$cst$428$set_loading:Kl
cljs$cst$429$set_error:yk
cljs$cst$430$clear_error:te
cljs$cst$431$set_new_calendar_name:Zi
cljs$cst$432$set_new_calendar_url:Ni
cljs$cst$433$add_calendar:Sj
cljs$cst$434$post:wk
cljs$cst$435$calendar_added:Cq
cljs$cst$436$api_error:kj
cljs$cst$437$delete_calendar:lj
cljs$cst$438$delete:Dj
cljs$cst$439$calendar_deleted:Zd
cljs$cst$440$get:Ul
cljs$cst$441$calendars_loaded:uk
cljs$cst$442$events_loaded:Yk
cljs$cst$443$summary:Cd
cljs$cst$444$toggle_event_type:Bi
cljs$cst$445$clear_filters:Lq
cljs$cst$446$set_quick_filter:Fk
cljs$cst$447$save_filter:Xi
cljs$cst$448$calendar_id:Iq
cljs$cst$449$types:zl
cljs$cst$450$filter_saved:Bl
cljs$cst$451$fetch_filters:Rl
cljs$cst$452$filters_loaded:$q
cljs$cst$453$delete_filter:Rq
cljs$cst$454$filter_deleted:Wj
cljs$cst$455$apply_filter:Vj
cljs$cst$456$set_view_mode:Ai
cljs$cst$457$date_range:Oi
cljs$cst$458$filtered_events:Uj
cljs$cst$459$div_DOT_form_section:fk
cljs$cst$460$h2:Ti
cljs$cst$461$form:pk
cljs$cst$462$div_DOT_form_row:$g
cljs$cst$463$label:yl
cljs$cst$464$for:Ck
cljs$cst$465$input:Yq
cljs$cst$466$placeholder:Hq
cljs$cst$467$on_change:Mj
cljs$cst$468$button_DOT_btn_DOT_btn_primary:Fq
cljs$cst$469$on_click:sk
cljs$cst$47$validator:Fl
cljs$cst$470$div_DOT_calendar_card:ve
cljs$cst$471$h3:Si
cljs$cst$472$p_DOT_calendar_url:Vl
cljs$cst$473$div_DOT_stats:zk
cljs$cst$474$div:Ek
cljs$cst$475$button_DOT_btn_DOT_btn_danger:Jj
cljs$cst$476$div_DOT_calendar_list:bl
cljs$cst$477$div_DOT_empty_state:qk
cljs$cst$478$p:Wk
cljs$cst$479$h4:Ui
cljs$cst$480$div_DOT_stat:Gk
cljs$cst$481$div_DOT_stat_number:yi
cljs$cst$482$div_DOT_stat_label:yq
cljs$cst$483$div_DOT_filter_controls:Jq
cljs$cst$484$div_DOT_filter_actions:Me
cljs$cst$485$label_DOT_filter_checkbox:al
cljs$cst$486$checked:Wq
cljs$cst$487$span:ar
cljs$cst$488$button_DOT_btn_DOT_btn_secondary:hf
cljs$cst$489$button_DOT_btn_DOT_btn_success:ql
cljs$cst$490$tr_DOT_event_row:Mq
cljs$cst$491$td:Al
cljs$cst$492$tr_DOT_group_header:br
cljs$cst$493$col_span:Kq
cljs$cst$494$div_DOT_events_section:aj
cljs$cst$495$table_DOT_events_table:Nl
cljs$cst$496$thead:Aq
cljs$cst$497$tr:El
cljs$cst$498$th:Cl
cljs$cst$499$tbody:Vk
cljs$cst$501$div_DOT_filter_item:gr
cljs$cst$502$div_DOT_saved_filters:ir
cljs$cst$507$button_DOT_btn_DOT_btn_outline:Gi
cljs$cst$510$div_DOT_error_message:Ij
cljs$cst$511$strong:Sq
cljs$cst$512$div_DOT_loading:Vi
cljs$cst$513$header_DOT_header:wj
cljs$cst$514$h1:Mi
cljs$cst$515$p_DOT_subtitle:$l
cljs$cst$516$div_DOT_header_actions:Kk
cljs$cst$519$div_DOT_login_form:xj
cljs$cst$520$on_submit:Pl
cljs$cst$521$disabled:zq
cljs$cst$522$auto_focus:Zg
cljs$cst$523$div_DOT_user_info:kr
cljs$cst$525$div_DOT_page_header_with_user:Ql
cljs$cst$98$cljs_DOT_core_SLASH_not_found:yh
clojure$data$atom_diff:Qp
clojure$data$diff:Tp
clojure$data$diff_associative:Up
clojure$data$diff_associative_key:Sp
clojure$data$diff_sequential:Vp
clojure$data$diff_set:Wp
clojure$data$diff_similar:Yp
clojure$data$equality_partition:Xp
clojure$data$vectorize:Rp
clojure$set$bubble_max_key:Ym
clojure$set$difference:$m
clojure$set$intersection:Zm
clojure$string$join$cljs$0core$0IFn$0_invoke$0arity$02:ym
clojure$string$replace:xm
clojure$string$replace_all:vm
clojure$string$replace_with:wm
clojure$string$split$cljs$0core$0IFn$0_invoke$0arity$03:zm
com$cognitect$transit$eq$equals:hq
com$cognitect$transit$eq$hashArrayLike:nq
com$cognitect$transit$eq$hashCode:mq
com$cognitect$transit$eq$hashCodeCounter:gq
com$cognitect$transit$eq$hashCombine:iq
com$cognitect$transit$eq$hashMapLike:lq
com$cognitect$transit$eq$stringCodeCache:jq
com$cognitect$transit$eq$stringCodeCacheSize:kq
com$cognitect$transit$util$isArray:eq
com$cognitect$transit$util$objectKeys:dq
com$cognitect$transit$util$randHex:fq
container$jscomp$inline_1750:jt
count__9981_10262$jscomp$inline_1737:Ys
day8$re_frame$http_fx$ajax_xhrio_handler:Gs
day8$re_frame$http_fx$dispatch_on_request:Is
day8$re_frame$http_fx$request__GT_xhrio_options:Hs
event_v$jscomp$inline_1728:Vs
fn_to_element$jscomp$inline_1014:pr
goog:aa
goog$Disposable:ur
goog$Disposable$MonitoringMode$OFF:vr
goog$Timer$callOnce:gs
goog$UID_PROPERTY_:fa
goog$async$nextTick:Fo
goog$bind:la
goog$bindJs_:ka
goog$bindNative_:ja
goog$dom$createElement:Eo
goog$events$BrowserEvent:Io
goog$events$BrowserEvent$IE_POINTER_TYPE_MAP:Jo
goog$events$BrowserFeature$PASSIVE_EVENTS:Ho
goog$events$Event:Go
goog$events$EventTarget:es
goog$events$LISTENER_MAP_PROP_:Ro
goog$events$LISTENER_WRAPPER_PROP_:bp
goog$events$Listenable$IMPLEMENTED_BY_PROP:Ko
goog$events$ListenableKey$counter_:Lo
goog$events$Listener:Mo
goog$events$ListenerMap:Oo
goog$events$ListenerMap$findListenerIndex_:Po
goog$events$getListenerMap_:Yo
goog$events$getOnString_:$o
goog$events$getProxy:Zo
goog$events$handleBrowserEvent_:ap
goog$events$listen:Uo
goog$events$listenOnce:Vo
goog$events$listen_:Xo
goog$events$listenerCountEstimate_:To
goog$events$onStringMap_:So
goog$events$unlisten:wr
goog$events$unlistenByKey:xr
goog$events$wrapListener:Wo
goog$getUid:ea
goog$global:ca
goog$inherits:ma
goog$isObject:da
goog$net$DefaultXmlHttpFactory:ls
goog$net$ErrorCode$getDebugMessage:zr
goog$net$XhrIo:ns
goog$net$XhrIo$HTTP_SCHEME_PATTERN:ps
goog$net$XhrIo$METHODS_WITH_FORM_DATA:qs
goog$net$XhrIo$ResponseType$DEFAULT:os
goog$net$XhrIo$buildProgressEvent_:ys
goog$net$XhrIo$shouldUseXhr2Timeout_:ts
goog$net$XmlHttp$factory_:ks
goog$net$XmlHttpFactory:hs
goog$reflect$sinkValue:na
goog$string$StringBuffer:Na
goog$string$internal$trim:Ka
goog$string$splitLimit:Ma
goog$typeOf:q
goog$uidCounter_:ia
goog$uri$utils$splitRe_:cc
goog$userAgent$GECKO:Bo
goog$userAgent$IE:sr
goog$userAgent$WEBKIT:Co
i$jscomp$inline_1235:Qs
i__9982_10263$jscomp$inline_1738:Zs
ical_viewer$components$auth$login_form:dr
ical_viewer$components$auth$user_info:er
ical_viewer$components$calendar$add_calendar_form:bm
ical_viewer$components$calendar$calendar_card:cm
ical_viewer$components$calendar$calendar_list:fm
ical_viewer$components$calendar$calendar_stats:gm
ical_viewer$components$common$back_button:rq
ical_viewer$components$common$empty_state:Do
ical_viewer$components$common$error_message:so
ical_viewer$components$common$loading_state:yo
ical_viewer$components$common$page_header:lp
ical_viewer$components$events$event_group_header:mn
ical_viewer$components$events$event_row:pm
ical_viewer$components$events$event_type_filter:hm
ical_viewer$components$events$events_table:po
ical_viewer$components$events$filter_actions:nm
ical_viewer$components$filters$filter_item:qo
ical_viewer$components$filters$saved_filters:ro
ical_viewer$db$default_db:uq
ical_viewer$events$load_user_from_storage:Us
ical_viewer$pages$calendar_detail_page:tq
ical_viewer$pages$home_page:sq
ical_viewer$pages$login_page:fr
ical_viewer$pages$not_found_page:vq
ical_viewer$views$main_panel:zo
id$jscomp$inline_1013:or
ks$jscomp$inline_1232:Ns
len$jscomp$inline_1234:Ps
listener$jscomp$inline_1042:yr
module$contents$goog$array_indexOf:Ja
module$contents$goog$labs$userAgent$platform_isIphone:Ao
module$contents$goog$labs$userAgent$util_getNativeUserAgentString:Ha
module$contents$goog$labs$userAgent$util_matchUserAgent:Ia
module$contents$goog$math$Long_Long:pa
module$contents$goog$math$Long_Long$fromBits:oa
module$contents$goog$math$Long_Long$fromNumber:qa
module$contents$goog$math$Long_Long$fromString:wa
module$contents$goog$math$Long_MAX_VALUE_:ra
module$contents$goog$math$Long_MIN_VALUE_:sa
module$contents$goog$math$Long_NEG_ONE_:Ca
module$contents$goog$math$Long_ONE_:Ba
module$contents$goog$math$Long_ZERO_:va
module$contents$goog$object_PROTOTYPE_FIELDS:Fa
module$contents$goog$object_extend:Ga
module$contents$goog$object_get:Ea
module$contents$goog$object_getKeys:Da
module$contents$goog$object_map:La
module$node_modules$react$index:um
module$node_modules$react_dom$index:uo
navigator$jscomp$inline_1018:tr
opts$jscomp$inline_1012:nr
out$jscomp$inline_1236:Rs
parse_fn$jscomp$inline_1015:qr
re_frame$cofx$inject_db:Pp
re_frame$core$reg_event_db:aq
re_frame$core$reg_event_fx$cljs$0core$0IFn$0_invoke$0arity$02:fl
re_frame$core$reg_sub$cljs$0core$0IFn$0_invoke$0arity$0variadic:bq
re_frame$core$subscribe$cljs$0core$0IFn$0_invoke$0arity$01:cr
re_frame$db$app_db:gp
re_frame$events$_STAR_handling_STAR_:vp
re_frame$events$handle:wp
re_frame$fx$dispatch_later:Op
re_frame$fx$do_fx:Np
re_frame$interceptor$__GT_interceptor:qp
re_frame$interceptor$assoc_coeffect:sp
re_frame$interceptor$enqueue:up
re_frame$interceptor$get_coeffect$cljs$0core$0IFn$0_invoke$0arity$02:rp
re_frame$interceptor$invoke_interceptors:tp
re_frame$interop$add_on_dispose_BANG_:dp
re_frame$interop$deref_QMARK_:cp
re_frame$interop$empty_queue:mf
re_frame$interop$reagent_id:fp
re_frame$interop$set_timeout_BANG_:ep
re_frame$loggers$console:ip
re_frame$loggers$loggers:hp
re_frame$registrar$clear_handlers:pp
re_frame$registrar$get_handler$cljs$0core$0IFn$0_invoke$0arity$02:np
re_frame$registrar$kind__GT_id__GT_handler:mp
re_frame$registrar$register_handler:op
re_frame$router$dispatch:Mp
re_frame$router$event_queue:Lp
re_frame$router$later_fns:Ep
re_frame$settings$store:kp
re_frame$std_interceptors$db_handler__GT_interceptor:Zp
re_frame$std_interceptors$fx_handler__GT_interceptor:Bq
re_frame$std_interceptors$inject_global_interceptors:$p
re_frame$subs$cache_and_return:yp
re_frame$subs$cache_lookup$cljs$0core$0IFn$0_invoke$0arity$02:zp
re_frame$subs$deref_input_signals:Cp
re_frame$subs$map_vals:Bp
re_frame$subs$query__GT_reaction:xp
re_frame$subs$reg_sub:Dp
re_frame$subs$subscribe:Ap
re_frame$utils$first_in_vector:jp
reagent$core$after_render:to
reagent$dom$render$cljs$0core$0IFn$0_invoke$0arity$03:xo
reagent$dom$render_comp:wo
reagent$dom$roots:vo
reagent$impl$batching$RenderQueue:Rm
reagent$impl$batching$compare_mount_order:Nm
reagent$impl$batching$enqueue:Qm
reagent$impl$batching$fake_raf:Lm
reagent$impl$batching$mount_count:Km
reagent$impl$batching$next_tick:Mm
reagent$impl$batching$queue_render:Tm
reagent$impl$batching$ratom_flush:Om
reagent$impl$batching$render_queue:Sm
reagent$impl$batching$run_funs:Pm
reagent$impl$component$_STAR_current_component_STAR_:xn
reagent$impl$component$built_in_static_method_names:In
reagent$impl$component$cache_react_class:Kn
reagent$impl$component$camelify_map_keys:En
reagent$impl$component$cljsify:Hn
reagent$impl$component$create_class:Jn
reagent$impl$component$custom_wrapper:Bn
reagent$impl$component$dash_to_method_name:Dn
reagent$impl$component$functional_render:Mn
reagent$impl$component$functional_render_fn:On
reagent$impl$component$functional_render_memo_fn:Nn
reagent$impl$component$functional_wrap_render:Ln
reagent$impl$component$map_to_js:Gn
reagent$impl$component$obligatory:Cn
reagent$impl$component$props_argv:yn
reagent$impl$component$rat_opts:wn
reagent$impl$component$reagent_class_QMARK_:zn
reagent$impl$component$wrap_funs:Fn
reagent$impl$component$wrap_render:An
reagent$impl$input$_STAR_force_set_dom_value_STAR_:Qn
reagent$impl$input$input_component_set_value:Sn
reagent$impl$input$input_handle_change:Tn
reagent$impl$input$input_node_set_value:Rn
reagent$impl$input$input_render_setup:Un
reagent$impl$input$input_spec:Vn
reagent$impl$input$these_inputs_have_selection_api:Pn
reagent$impl$protocols$as_element:Wm
reagent$impl$protocols$get_id:Um
reagent$impl$protocols$make_element:Xm
reagent$impl$protocols$parse_tag:Vm
reagent$impl$template$HiccupTag:fo
reagent$impl$template$_STAR_current_default_compiler_STAR_:oo
reagent$impl$template$cache_get:Yn
reagent$impl$template$convert_custom_prop_value:co
reagent$impl$template$convert_prop_value:$n
reagent$impl$template$custom_kv_conv:bo
reagent$impl$template$custom_prop_name_cache:ao
reagent$impl$template$expand_seq:lo
reagent$impl$template$function_element:ho
reagent$impl$template$kv_conv:Zn
reagent$impl$template$make_element:eo
reagent$impl$template$maybe_function_element:io
reagent$impl$template$native_element:ko
reagent$impl$template$prop_name_cache:Xn
reagent$impl$template$re_tag:Wn
reagent$impl$template$reag_element:go
reagent$impl$template$t_reagent$0impl$0template8485:no
reagent$impl$template$tag_name_cache:jo
reagent$impl$template$vec_to_elem:mo
reagent$impl$util$_STAR_always_update_STAR_:Hm
reagent$impl$util$capitalize:Cm
reagent$impl$util$class_names:Gm
reagent$impl$util$dash_to_prop_name:Dm
reagent$impl$util$dont_camel_case:Bm
reagent$impl$util$fun_name:Em
reagent$impl$util$get_react_key:Im
reagent$impl$util$is_client:Am
reagent$impl$util$named_QMARK_:Fm
reagent$impl$util$react_key_from_vec:Jm
reagent$ratom$RAtom:jn
reagent$ratom$RCursor:pn
reagent$ratom$Reaction:sn
reagent$ratom$Track:on
reagent$ratom$_STAR_ratom_context_STAR_:an
reagent$ratom$add_on_dispose_BANG_:rn
reagent$ratom$add_w:dn
reagent$ratom$atom:kn
reagent$ratom$cached_reaction:ln
reagent$ratom$deref_capture:bn
reagent$ratom$dispose_BANG_:qn
reagent$ratom$flush_BANG_:tn
reagent$ratom$handle_reaction_change:ic
reagent$ratom$make_reaction:nn
reagent$ratom$notify_deref_watcher_BANG_:cn
reagent$ratom$notify_w:fn
reagent$ratom$pr_atom:gn
reagent$ratom$rea_queue:hn
reagent$ratom$remove_w:en
reagent$ratom$run_in_reaction:vn
reagent$ratom$temp_reaction:un
req$jscomp$inline_1226:Ls
root_el$jscomp$inline_1679:rr
rxn_10266$jscomp$inline_1740:at
rxn_10282$jscomp$inline_1748:it
seq__9979_10260$jscomp$inline_1735:Ws
seq__9979_10274__$1$jscomp$inline_1742:ct
shadow$js$files:qm
shadow$js$jsRequire:tm
shadow$js$nativeProvides:rm
shadow$js$requireStack:sm
temp__5804__auto___10271$jscomp$inline_1741:bt
vec__10021_10264$jscomp$inline_1739:$s
vec__10024_10280$jscomp$inline_1747:ht
vs$jscomp$inline_1233:Os
